<?xml version="1.0"?>
<link_info>
   <banner>MSP430 Linker PC v4.3.8</banner>
   <copyright>Copyright (c) 2003-2015 Texas Instruments Incorporated</copyright>
   <link_time>0x5a1f519e</link_time>
   <link_errors>0x0</link_errors>
   <output_file>http_client.out</output_file>
   <entry_point>
      <name>_c_int00</name>
      <address>0x4400</address>
   </entry_point>
   <input_file_list>
      <input_file id="fl-2">
         <path>.\</path>
         <kind>object</kind>
         <file>jsmn.obj</file>
         <name>jsmn.obj</name>
      </input_file>
      <input_file id="fl-3">
         <path>.\</path>
         <kind>object</kind>
         <file>main.obj</file>
         <name>main.obj</name>
      </input_file>
      <input_file id="fl-4">
         <path>.\board\</path>
         <kind>object</kind>
         <file>board.obj</file>
         <name>board.obj</name>
      </input_file>
      <input_file id="fl-5">
         <path>.\cli_uart\</path>
         <kind>object</kind>
         <file>cli_uart.obj</file>
         <name>cli_uart.obj</name>
      </input_file>
      <input_file id="fl-6">
         <path>.\simplelink\source\</path>
         <kind>object</kind>
         <file>device.obj</file>
         <name>device.obj</name>
      </input_file>
      <input_file id="fl-7">
         <path>.\simplelink\source\</path>
         <kind>object</kind>
         <file>driver.obj</file>
         <name>driver.obj</name>
      </input_file>
      <input_file id="fl-8">
         <path>.\simplelink\source\</path>
         <kind>object</kind>
         <file>flowcont.obj</file>
         <name>flowcont.obj</name>
      </input_file>
      <input_file id="fl-9">
         <path>.\simplelink\source\</path>
         <kind>object</kind>
         <file>fs.obj</file>
         <name>fs.obj</name>
      </input_file>
      <input_file id="fl-a">
         <path>.\simplelink\source\</path>
         <kind>object</kind>
         <file>netapp.obj</file>
         <name>netapp.obj</name>
      </input_file>
      <input_file id="fl-b">
         <path>.\simplelink\source\</path>
         <kind>object</kind>
         <file>netcfg.obj</file>
         <name>netcfg.obj</name>
      </input_file>
      <input_file id="fl-c">
         <path>.\simplelink\source\</path>
         <kind>object</kind>
         <file>nonos.obj</file>
         <name>nonos.obj</name>
      </input_file>
      <input_file id="fl-d">
         <path>.\simplelink\source\</path>
         <kind>object</kind>
         <file>socket.obj</file>
         <name>socket.obj</name>
      </input_file>
      <input_file id="fl-e">
         <path>.\simplelink\source\</path>
         <kind>object</kind>
         <file>spawn.obj</file>
         <name>spawn.obj</name>
      </input_file>
      <input_file id="fl-f">
         <path>.\simplelink\source\</path>
         <kind>object</kind>
         <file>wlan.obj</file>
         <name>wlan.obj</name>
      </input_file>
      <input_file id="fl-10">
         <path>.\spi\</path>
         <kind>object</kind>
         <file>spi.obj</file>
         <name>spi.obj</name>
      </input_file>
      <input_file id="fl-3f">
         <path>C:\ti\ccsv7\tools\compiler\msp430_4.3.8\lib\</path>
         <kind>archive</kind>
         <file>rts430x.lib</file>
         <name>boot.obj</name>
      </input_file>
      <input_file id="fl-40">
         <path>C:\ti\ccsv7\tools\compiler\msp430_4.3.8\lib\</path>
         <kind>archive</kind>
         <file>rts430x.lib</file>
         <name>copy_decompress_none.obj</name>
      </input_file>
      <input_file id="fl-41">
         <path>C:\ti\ccsv7\tools\compiler\msp430_4.3.8\lib\</path>
         <kind>archive</kind>
         <file>rts430x.lib</file>
         <name>copy_decompress_rle.obj</name>
      </input_file>
      <input_file id="fl-42">
         <path>C:\ti\ccsv7\tools\compiler\msp430_4.3.8\lib\</path>
         <kind>archive</kind>
         <file>rts430x.lib</file>
         <name>copy_zero_init.obj</name>
      </input_file>
      <input_file id="fl-43">
         <path>C:\ti\ccsv7\tools\compiler\msp430_4.3.8\lib\</path>
         <kind>archive</kind>
         <file>rts430x.lib</file>
         <name>cpy_util.obj</name>
      </input_file>
      <input_file id="fl-44">
         <path>C:\ti\ccsv7\tools\compiler\msp430_4.3.8\lib\</path>
         <kind>archive</kind>
         <file>rts430x.lib</file>
         <name>div32u.obj</name>
      </input_file>
      <input_file id="fl-45">
         <path>C:\ti\ccsv7\tools\compiler\msp430_4.3.8\lib\</path>
         <kind>archive</kind>
         <file>rts430x.lib</file>
         <name>exit.obj</name>
      </input_file>
      <input_file id="fl-46">
         <path>C:\ti\ccsv7\tools\compiler\msp430_4.3.8\lib\</path>
         <kind>archive</kind>
         <file>rts430x.lib</file>
         <name>exit_gvars.obj</name>
      </input_file>
      <input_file id="fl-47">
         <path>C:\ti\ccsv7\tools\compiler\msp430_4.3.8\lib\</path>
         <kind>archive</kind>
         <file>rts430x.lib</file>
         <name>int53.obj</name>
      </input_file>
      <input_file id="fl-48">
         <path>C:\ti\ccsv7\tools\compiler\msp430_4.3.8\lib\</path>
         <kind>archive</kind>
         <file>rts430x.lib</file>
         <name>isr_trap.obj</name>
      </input_file>
      <input_file id="fl-49">
         <path>C:\ti\ccsv7\tools\compiler\msp430_4.3.8\lib\</path>
         <kind>archive</kind>
         <file>rts430x.lib</file>
         <name>lsl16.obj</name>
      </input_file>
      <input_file id="fl-4a">
         <path>C:\ti\ccsv7\tools\compiler\msp430_4.3.8\lib\</path>
         <kind>archive</kind>
         <file>rts430x.lib</file>
         <name>lsr32.obj</name>
      </input_file>
      <input_file id="fl-4b">
         <path>C:\ti\ccsv7\tools\compiler\msp430_4.3.8\lib\</path>
         <kind>archive</kind>
         <file>rts430x.lib</file>
         <name>memcpy.obj</name>
      </input_file>
      <input_file id="fl-4c">
         <path>C:\ti\ccsv7\tools\compiler\msp430_4.3.8\lib\</path>
         <kind>archive</kind>
         <file>rts430x.lib</file>
         <name>memory.obj</name>
      </input_file>
      <input_file id="fl-4d">
         <path>C:\ti\ccsv7\tools\compiler\msp430_4.3.8\lib\</path>
         <kind>archive</kind>
         <file>rts430x.lib</file>
         <name>memset.obj</name>
      </input_file>
      <input_file id="fl-4e">
         <path>C:\ti\ccsv7\tools\compiler\msp430_4.3.8\lib\</path>
         <kind>archive</kind>
         <file>rts430x.lib</file>
         <name>mpu_init.obj</name>
      </input_file>
      <input_file id="fl-4f">
         <path>C:\ti\ccsv7\tools\compiler\msp430_4.3.8\lib\</path>
         <kind>archive</kind>
         <file>rts430x.lib</file>
         <name>mult16_f5hw.obj</name>
      </input_file>
      <input_file id="fl-50">
         <path>C:\ti\ccsv7\tools\compiler\msp430_4.3.8\lib\</path>
         <kind>archive</kind>
         <file>rts430x.lib</file>
         <name>mult32_f5hw.obj</name>
      </input_file>
      <input_file id="fl-51">
         <path>C:\ti\ccsv7\tools\compiler\msp430_4.3.8\lib\</path>
         <kind>archive</kind>
         <file>rts430x.lib</file>
         <name>pre_init.obj</name>
      </input_file>
      <input_file id="fl-52">
         <path>C:\ti\ccsv7\tools\compiler\msp430_4.3.8\lib\</path>
         <kind>archive</kind>
         <file>rts430x.lib</file>
         <name>sprintf.obj</name>
      </input_file>
      <input_file id="fl-53">
         <path>C:\ti\ccsv7\tools\compiler\msp430_4.3.8\lib\</path>
         <kind>archive</kind>
         <file>rts430x.lib</file>
         <name>strcpy.obj</name>
      </input_file>
      <input_file id="fl-54">
         <path>C:\ti\ccsv7\tools\compiler\msp430_4.3.8\lib\</path>
         <kind>archive</kind>
         <file>rts430x.lib</file>
         <name>strlen.obj</name>
      </input_file>
      <input_file id="fl-55">
         <path>C:\ti\ccsv7\tools\compiler\msp430_4.3.8\lib\</path>
         <kind>archive</kind>
         <file>rts430x.lib</file>
         <name>strncmp.obj</name>
      </input_file>
      <input_file id="fl-56">
         <path>C:\ti\ccsv7\tools\compiler\msp430_4.3.8\lib\</path>
         <kind>archive</kind>
         <file>rts430x.lib</file>
         <name>strtoul.obj</name>
      </input_file>
      <input_file id="fl-57">
         <path>C:\ti\ccsv7\tools\compiler\msp430_4.3.8\lib\</path>
         <kind>archive</kind>
         <file>rts430x.lib</file>
         <name>_lock.obj</name>
      </input_file>
      <input_file id="fl-58">
         <path>C:\ti\ccsv7\tools\compiler\msp430_4.3.8\lib\</path>
         <kind>archive</kind>
         <file>rts430x.lib</file>
         <name>_printfi.obj</name>
      </input_file>
      <input_file id="fl-59">
         <path>C:\ti\ccsv7\tools\compiler\msp430_4.3.8\lib\</path>
         <kind>archive</kind>
         <file>rts430x.lib</file>
         <name>args_main.obj</name>
      </input_file>
      <input_file id="fl-5a">
         <path>C:\ti\ccsv7\tools\compiler\msp430_4.3.8\lib\</path>
         <kind>archive</kind>
         <file>rts430x.lib</file>
         <name>atoi.obj</name>
      </input_file>
      <input_file id="fl-5b">
         <path>C:\ti\ccsv7\tools\compiler\msp430_4.3.8\lib\</path>
         <kind>archive</kind>
         <file>rts430x.lib</file>
         <name>autoinit.obj</name>
      </input_file>
      <input_file id="fl-5c">
         <path>C:\ti\ccsv7\tools\compiler\msp430_4.3.8\lib\</path>
         <kind>archive</kind>
         <file>rts430x.lib</file>
         <name>ctype.obj</name>
      </input_file>
      <input_file id="fl-5d">
         <path>C:\ti\ccsv7\tools\compiler\msp430_4.3.8\lib\</path>
         <kind>archive</kind>
         <file>rts430x.lib</file>
         <name>div16u.obj</name>
      </input_file>
      <input_file id="fl-5e">
         <path>C:\ti\ccsv7\tools\compiler\msp430_4.3.8\lib\</path>
         <kind>archive</kind>
         <file>rts430x.lib</file>
         <name>div64u.obj</name>
      </input_file>
      <input_file id="fl-5f">
         <path>C:\ti\ccsv7\tools\compiler\msp430_4.3.8\lib\</path>
         <kind>archive</kind>
         <file>rts430x.lib</file>
         <name>errno.obj</name>
      </input_file>
      <input_file id="fl-60">
         <path>C:\ti\ccsv7\tools\compiler\msp430_4.3.8\lib\</path>
         <kind>archive</kind>
         <file>rts430x.lib</file>
         <name>fs_add.obj</name>
      </input_file>
      <input_file id="fl-61">
         <path>C:\ti\ccsv7\tools\compiler\msp430_4.3.8\lib\</path>
         <kind>archive</kind>
         <file>rts430x.lib</file>
         <name>fs_cmp.obj</name>
      </input_file>
      <input_file id="fl-62">
         <path>C:\ti\ccsv7\tools\compiler\msp430_4.3.8\lib\</path>
         <kind>archive</kind>
         <file>rts430x.lib</file>
         <name>fs_div.obj</name>
      </input_file>
      <input_file id="fl-63">
         <path>C:\ti\ccsv7\tools\compiler\msp430_4.3.8\lib\</path>
         <kind>archive</kind>
         <file>rts430x.lib</file>
         <name>fs_ltof.obj</name>
      </input_file>
      <input_file id="fl-64">
         <path>C:\ti\ccsv7\tools\compiler\msp430_4.3.8\lib\</path>
         <kind>archive</kind>
         <file>rts430x.lib</file>
         <name>fs_mpy.obj</name>
      </input_file>
      <input_file id="fl-65">
         <path>C:\ti\ccsv7\tools\compiler\msp430_4.3.8\lib\</path>
         <kind>archive</kind>
         <file>rts430x.lib</file>
         <name>fs_neg.obj</name>
      </input_file>
      <input_file id="fl-66">
         <path>C:\ti\ccsv7\tools\compiler\msp430_4.3.8\lib\</path>
         <kind>archive</kind>
         <file>rts430x.lib</file>
         <name>fs_tol.obj</name>
      </input_file>
      <input_file id="fl-67">
         <path>C:\ti\ccsv7\tools\compiler\msp430_4.3.8\lib\</path>
         <kind>archive</kind>
         <file>rts430x.lib</file>
         <name>fs_tou.obj</name>
      </input_file>
      <input_file id="fl-68">
         <path>C:\ti\ccsv7\tools\compiler\msp430_4.3.8\lib\</path>
         <kind>archive</kind>
         <file>rts430x.lib</file>
         <name>lsl64.obj</name>
      </input_file>
      <input_file id="fl-69">
         <path>C:\ti\ccsv7\tools\compiler\msp430_4.3.8\lib\</path>
         <kind>archive</kind>
         <file>rts430x.lib</file>
         <name>lsr64.obj</name>
      </input_file>
      <input_file id="fl-6a">
         <path>C:\ti\ccsv7\tools\compiler\msp430_4.3.8\lib\</path>
         <kind>archive</kind>
         <file>rts430x.lib</file>
         <name>ltoa.obj</name>
      </input_file>
      <input_file id="fl-6b">
         <path>C:\ti\ccsv7\tools\compiler\msp430_4.3.8\lib\</path>
         <kind>archive</kind>
         <file>rts430x.lib</file>
         <name>memccpy.obj</name>
      </input_file>
      <input_file id="fl-6c">
         <path>C:\ti\ccsv7\tools\compiler\msp430_4.3.8\lib\</path>
         <kind>archive</kind>
         <file>rts430x.lib</file>
         <name>mult64_f5hw.obj</name>
      </input_file>
      <input_file id="fl-6d">
         <path>C:\ti\ccsv7\tools\compiler\msp430_4.3.8\lib\</path>
         <kind>archive</kind>
         <file>rts430x.lib</file>
         <name>toupper.obj</name>
      </input_file>
      <input_file id="fl-6e">
         <path>C:\ti\ccsv7\tools\compiler\msp430_4.3.8\lib\</path>
         <kind>archive</kind>
         <file>rts430x.lib</file>
         <name>xfdclass.obj</name>
      </input_file>
      <input_file id="fl-6f">
         <path>C:\ti\ccsv7\tools\compiler\msp430_4.3.8\lib\</path>
         <kind>archive</kind>
         <file>rts430x.lib</file>
         <name>abs.obj</name>
      </input_file>
      <input_file id="fl-70">
         <path>C:\ti\ccsv7\tools\compiler\msp430_4.3.8\lib\</path>
         <kind>archive</kind>
         <file>rts430x.lib</file>
         <name>div32s.obj</name>
      </input_file>
      <input_file id="fl-71">
         <path>C:\ti\CC3100SDK_1.1.0\cc3100-sdk\platform\msp430f5529lp\library_project_ccs\http_lib\Debug\</path>
         <kind>archive</kind>
         <file>http_lib.lib</file>
         <name>httpcli.obj</name>
      </input_file>
      <input_file id="fl-72">
         <path>C:\ti\CC3100SDK_1.1.0\cc3100-sdk\platform\msp430f5529lp\library_project_ccs\http_lib\Debug\</path>
         <kind>archive</kind>
         <file>http_lib.lib</file>
         <name>ssock.obj</name>
      </input_file>
      <input_file id="fl-73">
         <path>C:\ti\ccsv7\tools\compiler\msp430_4.3.8\lib\</path>
         <kind>archive</kind>
         <file>rts430x.lib</file>
         <name>strchr.obj</name>
      </input_file>
      <input_file id="fl-74">
         <path>C:\ti\ccsv7\tools\compiler\msp430_4.3.8\lib\</path>
         <kind>archive</kind>
         <file>rts430x.lib</file>
         <name>strcmp.obj</name>
      </input_file>
      <input_file id="fl-75">
         <path>C:\ti\ccsv7\tools\compiler\msp430_4.3.8\lib\</path>
         <kind>archive</kind>
         <file>rts430x.lib</file>
         <name>vsnprintf.obj</name>
      </input_file>
   </input_file_list>
   <object_component_list>
      <object_component id="oc-85">
         <name>.bss</name>
         <uninitialized>true</uninitialized>
         <run_address>0x2400</run_address>
         <size>0x5c6</size>
         <input_file_ref idref="fl-3"/>
      </object_component>
      <object_component id="oc-8e">
         <name>.bss</name>
         <uninitialized>true</uninitialized>
         <run_address>0x2bc0</run_address>
         <size>0xe</size>
         <input_file_ref idref="fl-4"/>
      </object_component>
      <object_component id="oc-95">
         <name>.bss</name>
         <uninitialized>true</uninitialized>
         <run_address>0x2be6</run_address>
         <size>0x4</size>
         <input_file_ref idref="fl-5"/>
      </object_component>
      <object_component id="oc-a2">
         <name>.bss</name>
         <uninitialized>true</uninitialized>
         <run_address>0x29c6</run_address>
         <size>0x135</size>
         <input_file_ref idref="fl-7"/>
      </object_component>
      <object_component id="oc-be">
         <name>.bss</name>
         <uninitialized>true</uninitialized>
         <run_address>0x2ba2</run_address>
         <size>0x1e</size>
         <input_file_ref idref="fl-c"/>
      </object_component>
      <object_component id="oc-d2">
         <name>.bss</name>
         <uninitialized>true</uninitialized>
         <run_address>0x2b52</run_address>
         <size>0x50</size>
         <input_file_ref idref="fl-10"/>
      </object_component>
      <object_component id="oc-fc">
         <name>.bss</name>
         <uninitialized>true</uninitialized>
         <run_address>0x2bd6</run_address>
         <size>0x8</size>
         <input_file_ref idref="fl-46"/>
      </object_component>
      <object_component id="oc-113">
         <name>.bss</name>
         <uninitialized>true</uninitialized>
         <run_address>0x2bde</run_address>
         <size>0x8</size>
         <input_file_ref idref="fl-4c"/>
      </object_component>
      <object_component id="oc-14d">
         <name>.bss</name>
         <uninitialized>true</uninitialized>
         <run_address>0x2bce</run_address>
         <size>0x8</size>
         <input_file_ref idref="fl-57"/>
      </object_component>
      <object_component id="oc-174">
         <name>.bss</name>
         <uninitialized>true</uninitialized>
         <run_address>0x2bea</run_address>
         <size>0x2</size>
         <input_file_ref idref="fl-5f"/>
      </object_component>
      <object_component id="oc-1cc">
         <name>.bss</name>
         <uninitialized>true</uninitialized>
         <run_address>0x2afc</run_address>
         <size>0x56</size>
         <input_file_ref idref="fl-71"/>
      </object_component>
      <object_component id="oc-116">
         <name>.sysmem</name>
         <uninitialized>true</uninitialized>
         <run_address>0x2bec</run_address>
         <size>0x4</size>
         <input_file_ref idref="fl-4c"/>
      </object_component>
      <object_component id="oc-31b">
         <name>.sysmem</name>
         <uninitialized>true</uninitialized>
         <run_address>0x2bec</run_address>
         <size>0x0</size>
      </object_component>
      <object_component id="oc-d9">
         <name>.stack</name>
         <uninitialized>true</uninitialized>
         <run_address>0x420c</run_address>
         <size>0x2</size>
         <input_file_ref idref="fl-3f"/>
      </object_component>
      <object_component id="oc-31a">
         <name>.stack</name>
         <uninitialized>true</uninitialized>
         <run_address>0x420c</run_address>
         <size>0x0</size>
      </object_component>
      <object_component id="oc-25e">
         <name>.text:_SlDrvMsgRead</name>
         <load_address>0x10000</load_address>
         <run_address>0x10000</run_address>
         <size>0x3f4</size>
         <input_file_ref idref="fl-7"/>
      </object_component>
      <object_component id="oc-2b9">
         <name>.text:__divull</name>
         <load_address>0x103f4</load_address>
         <run_address>0x103f4</run_address>
         <size>0x38e</size>
         <input_file_ref idref="fl-5e"/>
      </object_component>
      <object_component id="oc-268">
         <name>.text:_setfield</name>
         <load_address>0x10782</load_address>
         <run_address>0x10782</run_address>
         <size>0x238</size>
         <input_file_ref idref="fl-58"/>
      </object_component>
      <object_component id="oc-278">
         <name>.text:jsmn_parse</name>
         <load_address>0x109ba</load_address>
         <run_address>0x109ba</run_address>
         <size>0x234</size>
         <input_file_ref idref="fl-2"/>
      </object_component>
      <object_component id="oc-229">
         <name>.text:readResponse</name>
         <load_address>0x10bee</load_address>
         <run_address>0x10bee</run_address>
         <size>0x20c</size>
         <input_file_ref idref="fl-3"/>
      </object_component>
      <object_component id="oc-21c">
         <name>.text:sl_WlanConnect</name>
         <load_address>0x10dfa</load_address>
         <run_address>0x10dfa</run_address>
         <size>0x1fe</size>
         <input_file_ref idref="fl-f"/>
      </object_component>
      <object_component id="oc-1fb">
         <name>.text:configureSimpleLinkToDefaultState</name>
         <load_address>0x10ff8</load_address>
         <run_address>0x10ff8</run_address>
         <size>0x1ee</size>
         <input_file_ref idref="fl-3"/>
      </object_component>
      <object_component id="oc-24d">
         <name>.text:__TI_printfi</name>
         <load_address>0x111e6</load_address>
         <run_address>0x111e6</run_address>
         <size>0x1d2</size>
         <input_file_ref idref="fl-58"/>
      </object_component>
      <object_component id="oc-26f">
         <name>.text:bufferedRecv</name>
         <load_address>0x113b8</load_address>
         <run_address>0x113b8</run_address>
         <size>0x1d2</size>
         <input_file_ref idref="fl-71"/>
      </object_component>
      <object_component id="oc-254">
         <name>.text:HTTPCli_getResponseField</name>
         <load_address>0x1158a</load_address>
         <run_address>0x1158a</run_address>
         <size>0x1c6</size>
         <input_file_ref idref="fl-71"/>
      </object_component>
      <object_component id="oc-27a">
         <name>.text:_SlDrvRxHdrRead</name>
         <load_address>0x11750</load_address>
         <run_address>0x11750</run_address>
         <size>0x1c2</size>
         <input_file_ref idref="fl-7"/>
      </object_component>
      <object_component id="oc-275">
         <name>.text:getChunkedData</name>
         <load_address>0x11912</load_address>
         <run_address>0x11912</run_address>
         <size>0x1b2</size>
         <input_file_ref idref="fl-71"/>
      </object_component>
      <object_component id="oc-24e">
         <name>.text:Ssock_send</name>
         <load_address>0x11ac4</load_address>
         <run_address>0x11ac4</run_address>
         <size>0x1a4</size>
         <input_file_ref idref="fl-72"/>
      </object_component>
      <object_component id="oc-282">
         <name>.text:_pproc_fge</name>
         <load_address>0x11c68</load_address>
         <run_address>0x11c68</run_address>
         <size>0x19c</size>
         <input_file_ref idref="fl-58"/>
      </object_component>
      <object_component id="oc-253">
         <name>.text:strtoul</name>
         <load_address>0x11e04</load_address>
         <run_address>0x11e04</run_address>
         <size>0x194</size>
         <input_file_ref idref="fl-56"/>
      </object_component>
      <object_component id="oc-221">
         <name>.text:HTTPCli_connect</name>
         <load_address>0x11f98</load_address>
         <run_address>0x11f98</run_address>
         <size>0x174</size>
         <input_file_ref idref="fl-71"/>
      </object_component>
      <object_component id="oc-2af">
         <name>.text:ecvt</name>
         <load_address>0x1210c</load_address>
         <run_address>0x1210c</run_address>
         <size>0x166</size>
         <input_file_ref idref="fl-58"/>
      </object_component>
      <object_component id="oc-295">
         <name>.text:_getarg_diouxp</name>
         <load_address>0x12272</load_address>
         <run_address>0x12272</run_address>
         <size>0x164</size>
         <input_file_ref idref="fl-58"/>
      </object_component>
      <object_component id="oc-2b2">
         <name>.text:fcvt</name>
         <load_address>0x123d6</load_address>
         <run_address>0x123d6</run_address>
         <size>0x15e</size>
         <input_file_ref idref="fl-58"/>
      </object_component>
      <object_component id="oc-21a">
         <name>.text:_SlDrvReleasePoolObj</name>
         <load_address>0x12534</load_address>
         <run_address>0x12534</run_address>
         <size>0x152</size>
         <input_file_ref idref="fl-7"/>
      </object_component>
      <object_component id="oc-29b">
         <name>.text:_pconv_e</name>
         <load_address>0x12686</load_address>
         <run_address>0x12686</run_address>
         <size>0x14a</size>
         <input_file_ref idref="fl-58"/>
      </object_component>
      <object_component id="oc-281">
         <name>.text:_pproc_diouxp</name>
         <load_address>0x127d0</load_address>
         <run_address>0x127d0</run_address>
         <size>0x144</size>
         <input_file_ref idref="fl-58"/>
      </object_component>
      <object_component id="oc-25a">
         <name>.text:_SlDrvMsgWrite</name>
         <load_address>0x12914</load_address>
         <run_address>0x12914</run_address>
         <size>0x142</size>
         <input_file_ref idref="fl-7"/>
      </object_component>
      <object_component id="oc-212">
         <name>.text:_SlDrvDriverCBInit</name>
         <load_address>0x12a56</load_address>
         <run_address>0x12a56</run_address>
         <size>0x140</size>
         <input_file_ref idref="fl-7"/>
      </object_component>
      <object_component id="oc-28c">
         <name>.text:jsmn_parse_string</name>
         <load_address>0x12b96</load_address>
         <run_address>0x12b96</run_address>
         <size>0x13e</size>
         <input_file_ref idref="fl-2"/>
      </object_component>
      <object_component id="oc-238">
         <name>.text:_SlDrvWaitForPoolObj</name>
         <load_address>0x12cd4</load_address>
         <run_address>0x12cd4</run_address>
         <size>0x136</size>
         <input_file_ref idref="fl-7"/>
      </object_component>
      <object_component id="oc-178">
         <name>.text</name>
         <load_address>0x12e0a</load_address>
         <run_address>0x12e0a</run_address>
         <size>0x130</size>
         <input_file_ref idref="fl-60"/>
      </object_component>
      <object_component id="oc-200">
         <name>.text:HTTPPostMethod</name>
         <load_address>0x12f3a</load_address>
         <run_address>0x12f3a</run_address>
         <size>0x11a</size>
         <input_file_ref idref="fl-3"/>
      </object_component>
      <object_component id="oc-247">
         <name>.text:startSecureMode</name>
         <load_address>0x13054</load_address>
         <run_address>0x13054</run_address>
         <size>0x110</size>
         <input_file_ref idref="fl-71"/>
      </object_component>
      <object_component id="oc-224">
         <name>.text:HTTPCli_sendRequest</name>
         <load_address>0x13164</load_address>
         <run_address>0x13164</run_address>
         <size>0xfc</size>
         <input_file_ref idref="fl-71"/>
      </object_component>
      <object_component id="oc-2b4">
         <name>.text:_SlDrvDataReadOp</name>
         <load_address>0x13260</load_address>
         <run_address>0x13260</run_address>
         <size>0xfc</size>
         <input_file_ref idref="fl-7"/>
      </object_component>
      <object_component id="oc-296">
         <name>.text:_ltostr</name>
         <load_address>0x1335c</load_address>
         <run_address>0x1335c</run_address>
         <size>0xfa</size>
         <input_file_ref idref="fl-58"/>
      </object_component>
      <object_component id="oc-299">
         <name>.text:_pconv_g</name>
         <load_address>0x13456</load_address>
         <run_address>0x13456</run_address>
         <size>0xf8</size>
         <input_file_ref idref="fl-58"/>
      </object_component>
      <object_component id="oc-267">
         <name>.text:_pproc_fwp</name>
         <load_address>0x1354e</load_address>
         <run_address>0x1354e</run_address>
         <size>0xf4</size>
         <input_file_ref idref="fl-58"/>
      </object_component>
      <object_component id="oc-285">
         <name>.text:_SlDrvDataWriteOp</name>
         <load_address>0x13642</load_address>
         <run_address>0x13642</run_address>
         <size>0xee</size>
         <input_file_ref idref="fl-7"/>
      </object_component>
      <object_component id="oc-257">
         <name>.text:ParseJSONData</name>
         <load_address>0x13730</load_address>
         <run_address>0x13730</run_address>
         <size>0xea</size>
         <input_file_ref idref="fl-3"/>
      </object_component>
      <object_component id="oc-22c">
         <name>.text:Init_FLL</name>
         <load_address>0x1381a</load_address>
         <run_address>0x1381a</run_address>
         <size>0xe8</size>
         <input_file_ref idref="fl-4"/>
      </object_component>
      <object_component id="oc-290">
         <name>.text:_SlDrvNetAppEventHandler</name>
         <load_address>0x13902</load_address>
         <run_address>0x13902</run_address>
         <size>0xe2</size>
         <input_file_ref idref="fl-a"/>
      </object_component>
      <object_component id="oc-27d">
         <name>.text:_SlFindAndSetActiveObj</name>
         <load_address>0x139e4</load_address>
         <run_address>0x139e4</run_address>
         <size>0xda</size>
         <input_file_ref idref="fl-7"/>
      </object_component>
      <object_component id="oc-272">
         <name>.text:readLine</name>
         <load_address>0x13abe</load_address>
         <run_address>0x13abe</run_address>
         <size>0xda</size>
         <input_file_ref idref="fl-71"/>
      </object_component>
      <object_component id="oc-256">
         <name>.text:HTTPCli_readResponseBody</name>
         <load_address>0x13b98</load_address>
         <run_address>0x13b98</run_address>
         <size>0xd6</size>
         <input_file_ref idref="fl-71"/>
      </object_component>
      <object_component id="oc-22a">
         <name>.text:SetVCoreUp</name>
         <load_address>0x13c6e</load_address>
         <run_address>0x13c6e</run_address>
         <size>0xd4</size>
         <input_file_ref idref="fl-4"/>
      </object_component>
      <object_component id="oc-1f1">
         <name>.text:main</name>
         <load_address>0x13d42</load_address>
         <run_address>0x13d42</run_address>
         <size>0xd0</size>
         <input_file_ref idref="fl-3"/>
      </object_component>
      <object_component id="oc-21d">
         <name>.text:sl_NetAppDnsGetHostByName</name>
         <load_address>0x13e12</load_address>
         <run_address>0x13e12</run_address>
         <size>0xd0</size>
         <input_file_ref idref="fl-a"/>
      </object_component>
      <object_component id="oc-248">
         <name>.text:sl_Connect</name>
         <load_address>0x13ee2</load_address>
         <run_address>0x13ee2</run_address>
         <size>0xc8</size>
         <input_file_ref idref="fl-d"/>
      </object_component>
      <object_component id="oc-232">
         <name>.text:sl_NetAppMDNSRegisterUnregisterService</name>
         <load_address>0x13faa</load_address>
         <run_address>0x13faa</run_address>
         <size>0xc0</size>
         <input_file_ref idref="fl-a"/>
      </object_component>
      <object_component id="oc-22f">
         <name>.text:_SlDrvDriverCBDeinit</name>
         <load_address>0x1406a</load_address>
         <run_address>0x1406a</run_address>
         <size>0xba</size>
         <input_file_ref idref="fl-7"/>
      </object_component>
      <object_component id="oc-18c">
         <name>.text</name>
         <load_address>0x14124</load_address>
         <run_address>0x14124</run_address>
         <size>0xb6</size>
         <input_file_ref idref="fl-64"/>
      </object_component>
      <object_component id="oc-26b">
         <name>.text:sl_Send</name>
         <load_address>0x141da</load_address>
         <run_address>0x141da</run_address>
         <size>0xb4</size>
         <input_file_ref idref="fl-d"/>
      </object_component>
      <object_component id="oc-26d">
         <name>.text:getStatus</name>
         <load_address>0x1428e</load_address>
         <run_address>0x1428e</run_address>
         <size>0xb0</size>
         <input_file_ref idref="fl-71"/>
      </object_component>
      <object_component id="oc-255">
         <name>.text:malloc</name>
         <load_address>0x1433e</load_address>
         <run_address>0x1433e</run_address>
         <size>0xac</size>
         <input_file_ref idref="fl-4c"/>
      </object_component>
      <object_component id="oc-28a">
         <name>.text:jsmn_parse_primitive</name>
         <load_address>0x143ea</load_address>
         <run_address>0x143ea</run_address>
         <size>0xa8</size>
         <input_file_ref idref="fl-2"/>
      </object_component>
      <object_component id="oc-1ff">
         <name>.text:ConnectToHTTPServer</name>
         <load_address>0x14492</load_address>
         <run_address>0x14492</run_address>
         <size>0xa4</size>
         <input_file_ref idref="fl-3"/>
      </object_component>
      <object_component id="oc-250">
         <name>.text:FlushHTTPResponse</name>
         <load_address>0x14536</load_address>
         <run_address>0x14536</run_address>
         <size>0xa0</size>
         <input_file_ref idref="fl-3"/>
      </object_component>
      <object_component id="oc-269">
         <name>.text:_pproc_str</name>
         <load_address>0x145d6</load_address>
         <run_address>0x145d6</run_address>
         <size>0xa0</size>
         <input_file_ref idref="fl-58"/>
      </object_component>
      <object_component id="oc-208">
         <name>.text:sl_Stop</name>
         <load_address>0x14676</load_address>
         <run_address>0x14676</run_address>
         <size>0x9e</size>
         <input_file_ref idref="fl-6"/>
      </object_component>
      <object_component id="oc-1fd">
         <name>.text:sl_Start</name>
         <load_address>0x14714</load_address>
         <run_address>0x14714</run_address>
         <size>0x9c</size>
         <input_file_ref idref="fl-6"/>
      </object_component>
      <object_component id="oc-22b">
         <name>.text:SetVCoreDown</name>
         <load_address>0x147b0</load_address>
         <run_address>0x147b0</run_address>
         <size>0x9a</size>
         <input_file_ref idref="fl-4"/>
      </object_component>
      <object_component id="oc-25b">
         <name>.text:_SlDrvMsgReadCmdCtx</name>
         <load_address>0x1484a</load_address>
         <run_address>0x1484a</run_address>
         <size>0x94</size>
         <input_file_ref idref="fl-7"/>
      </object_component>
      <object_component id="oc-22d">
         <name>.text:_SlDrvCmdOp</name>
         <load_address>0x148de</load_address>
         <run_address>0x148de</run_address>
         <size>0x92</size>
         <input_file_ref idref="fl-7"/>
      </object_component>
      <object_component id="oc-273">
         <name>.text:checkContentField</name>
         <load_address>0x14970</load_address>
         <run_address>0x14970</run_address>
         <size>0x92</size>
         <input_file_ref idref="fl-71"/>
      </object_component>
      <object_component id="oc-209">
         <name>.text:sl_DevGet</name>
         <load_address>0x14a02</load_address>
         <run_address>0x14a02</run_address>
         <size>0x92</size>
         <input_file_ref idref="fl-6"/>
      </object_component>
      <object_component id="oc-182">
         <name>.text</name>
         <load_address>0x14a94</load_address>
         <run_address>0x14a94</run_address>
         <size>0x8e</size>
         <input_file_ref idref="fl-62"/>
      </object_component>
      <object_component id="oc-2ad">
         <name>.text:_div</name>
         <load_address>0x14b22</load_address>
         <run_address>0x14b22</run_address>
         <size>0x88</size>
         <input_file_ref idref="fl-58"/>
      </object_component>
      <object_component id="oc-2b1">
         <name>.text:_mcpy</name>
         <load_address>0x14baa</load_address>
         <run_address>0x14baa</run_address>
         <size>0x88</size>
         <input_file_ref idref="fl-58"/>
      </object_component>
      <object_component id="oc-2a5">
         <name>.text:_sl_HandleAsync_DnsGetHostByService</name>
         <load_address>0x14c32</load_address>
         <run_address>0x14c32</run_address>
         <size>0x88</size>
         <input_file_ref idref="fl-a"/>
      </object_component>
      <object_component id="oc-213">
         <name>.text:spi_Open</name>
         <load_address>0x14cba</load_address>
         <run_address>0x14cba</run_address>
         <size>0x84</size>
         <input_file_ref idref="fl-10"/>
      </object_component>
      <object_component id="oc-286">
         <name>.text:Ssock_recv</name>
         <load_address>0x14d3e</load_address>
         <run_address>0x14d3e</run_address>
         <size>0x82</size>
         <input_file_ref idref="fl-72"/>
      </object_component>
      <object_component id="oc-2b0">
         <name>.text:_ecpy</name>
         <load_address>0x14dc0</load_address>
         <run_address>0x14dc0</run_address>
         <size>0x82</size>
         <input_file_ref idref="fl-58"/>
      </object_component>
      <object_component id="oc-258">
         <name>.text:free</name>
         <load_address>0x14e42</load_address>
         <run_address>0x14e42</run_address>
         <size>0x80</size>
         <input_file_ref idref="fl-4c"/>
      </object_component>
      <object_component id="oc-196">
         <name>.text</name>
         <load_address>0x14ec2</load_address>
         <run_address>0x14ec2</run_address>
         <size>0x7e</size>
         <input_file_ref idref="fl-66"/>
      </object_component>
      <object_component id="oc-2ba">
         <name>.text:ltoa</name>
         <load_address>0x14f40</load_address>
         <run_address>0x14f40</run_address>
         <size>0x7c</size>
         <input_file_ref idref="fl-6a"/>
      </object_component>
      <object_component id="oc-27c">
         <name>.text:spi_Read</name>
         <load_address>0x14fbc</load_address>
         <run_address>0x14fbc</run_address>
         <size>0x7c</size>
         <input_file_ref idref="fl-10"/>
      </object_component>
      <object_component id="oc-2b6">
         <name>.text:_sl_HandleAsync_InitComplete</name>
         <load_address>0x15038</load_address>
         <run_address>0x15038</run_address>
         <size>0x78</size>
         <input_file_ref idref="fl-6"/>
      </object_component>
      <object_component id="oc-27b">
         <name>.text:_SlDrvClassifyRxMsg</name>
         <load_address>0x150b0</load_address>
         <run_address>0x150b0</run_address>
         <size>0x76</size>
         <input_file_ref idref="fl-7"/>
      </object_component>
      <object_component id="oc-28f">
         <name>.text:_sl_HandleAsync_PingResponse</name>
         <load_address>0x15126</load_address>
         <run_address>0x15126</run_address>
         <size>0x74</size>
         <input_file_ref idref="fl-a"/>
      </object_component>
      <object_component id="oc-227">
         <name>.text:HTTPCli_sendField</name>
         <load_address>0x1519a</load_address>
         <run_address>0x1519a</run_address>
         <size>0x72</size>
         <input_file_ref idref="fl-71"/>
      </object_component>
      <object_component id="oc-23b">
         <name>.text:_SlDrvMsgReadSpawnCtx</name>
         <load_address>0x1520c</load_address>
         <run_address>0x1520c</run_address>
         <size>0x72</size>
         <input_file_ref idref="fl-7"/>
      </object_component>
      <object_component id="oc-2a0">
         <name>.text:_SlDrvDeviceEventHandler</name>
         <load_address>0x1527e</load_address>
         <run_address>0x1527e</run_address>
         <size>0x70</size>
         <input_file_ref idref="fl-6"/>
      </object_component>
      <object_component id="oc-24a">
         <name>.text:sprsend</name>
         <load_address>0x152ee</load_address>
         <run_address>0x152ee</run_address>
         <size>0x70</size>
         <input_file_ref idref="fl-71"/>
      </object_component>
      <object_component id="oc-23d">
         <name>.text:_SlRemoveFromList</name>
         <load_address>0x1535e</load_address>
         <run_address>0x1535e</run_address>
         <size>0x6e</size>
         <input_file_ref idref="fl-7"/>
      </object_component>
      <object_component id="oc-29a">
         <name>.text:_pconv_f</name>
         <load_address>0x153cc</load_address>
         <run_address>0x153cc</run_address>
         <size>0x6e</size>
         <input_file_ref idref="fl-58"/>
      </object_component>
      <object_component id="oc-2a6">
         <name>.text:_sl_HandleAsync_DnsGetHostByName</name>
         <load_address>0x1543a</load_address>
         <run_address>0x1543a</run_address>
         <size>0x6e</size>
         <input_file_ref idref="fl-a"/>
      </object_component>
      <object_component id="oc-25f">
         <name>.text:_SlAsyncEventGenericHandler</name>
         <load_address>0x154a8</load_address>
         <run_address>0x154a8</run_address>
         <size>0x6a</size>
         <input_file_ref idref="fl-7"/>
      </object_component>
      <object_component id="oc-2aa">
         <name>.text:_sl_HandleAsync_Connect</name>
         <load_address>0x15512</load_address>
         <run_address>0x15512</run_address>
         <size>0x68</size>
         <input_file_ref idref="fl-d"/>
      </object_component>
      <object_component id="oc-261">
         <name>.text:Ssock_destruct</name>
         <load_address>0x1557a</load_address>
         <run_address>0x1557a</run_address>
         <size>0x64</size>
         <input_file_ref idref="fl-72"/>
      </object_component>
      <object_component id="oc-20d">
         <name>.text:sl_NetCfgSet</name>
         <load_address>0x155de</load_address>
         <run_address>0x155de</run_address>
         <size>0x62</size>
         <input_file_ref idref="fl-b"/>
      </object_component>
      <object_component id="oc-2b7">
         <name>.text:_SlDrvCmdSend</name>
         <load_address>0x15640</load_address>
         <run_address>0x15640</run_address>
         <size>0x5e</size>
         <input_file_ref idref="fl-7"/>
      </object_component>
      <object_component id="oc-1fe">
         <name>.text:establishConnectionWithAP</name>
         <load_address>0x1569e</load_address>
         <run_address>0x1569e</run_address>
         <size>0x5e</size>
         <input_file_ref idref="fl-3"/>
      </object_component>
      <object_component id="oc-2a1">
         <name>.text:SimpleLinkWlanEventHandler</name>
         <load_address>0x156fc</load_address>
         <run_address>0x156fc</run_address>
         <size>0x5c</size>
         <input_file_ref idref="fl-3"/>
      </object_component>
      <object_component id="oc-1f0">
         <name>.text:_auto_init_hold_wdt</name>
         <load_address>0x15758</load_address>
         <run_address>0x15758</run_address>
         <size>0x5c</size>
         <input_file_ref idref="fl-5b"/>
      </object_component>
      <object_component id="oc-2ae">
         <name>.text:__mpyll</name>
         <load_address>0x157b4</load_address>
         <run_address>0x157b4</run_address>
         <size>0x5a</size>
         <input_file_ref idref="fl-6c"/>
      </object_component>
      <object_component id="oc-2a8">
         <name>.text:_sl_NetAppSendTokenValue</name>
         <load_address>0x1580e</load_address>
         <run_address>0x1580e</run_address>
         <size>0x5a</size>
         <input_file_ref idref="fl-a"/>
      </object_component>
      <object_component id="oc-291">
         <name>.text:SetupDMAReceive</name>
         <load_address>0x15868</load_address>
         <run_address>0x15868</run_address>
         <size>0x58</size>
         <input_file_ref idref="fl-10"/>
      </object_component>
      <object_component id="oc-28d">
         <name>.text:SetupDMASend</name>
         <load_address>0x158c0</load_address>
         <run_address>0x158c0</run_address>
         <size>0x58</size>
         <input_file_ref idref="fl-10"/>
      </object_component>
      <object_component id="oc-271">
         <name>.text:lookUpResponseFields</name>
         <load_address>0x15918</load_address>
         <run_address>0x15918</run_address>
         <size>0x58</size>
         <input_file_ref idref="fl-71"/>
      </object_component>
      <object_component id="oc-f2">
         <name>.text</name>
         <load_address>0x15970</load_address>
         <run_address>0x15970</run_address>
         <size>0x58</size>
         <input_file_ref idref="fl-44"/>
      </object_component>
      <object_component id="oc-2a9">
         <name>.text:_sl_HandleAsync_Accept</name>
         <load_address>0x159c8</load_address>
         <run_address>0x159c8</run_address>
         <size>0x56</size>
         <input_file_ref idref="fl-d"/>
      </object_component>
      <object_component id="oc-280">
         <name>.text:atoi</name>
         <load_address>0x15a1e</load_address>
         <run_address>0x15a1e</run_address>
         <size>0x54</size>
         <input_file_ref idref="fl-5a"/>
      </object_component>
      <object_component id="oc-20e">
         <name>.text:sl_WlanSet</name>
         <load_address>0x15a72</load_address>
         <run_address>0x15a72</run_address>
         <size>0x54</size>
         <input_file_ref idref="fl-f"/>
      </object_component>
      <object_component id="oc-27f">
         <name>.text:vsnprintf</name>
         <load_address>0x15ac6</load_address>
         <run_address>0x15ac6</run_address>
         <size>0x54</size>
         <input_file_ref idref="fl-75"/>
      </object_component>
      <object_component id="oc-220">
         <name>.text:HTTPCli_construct</name>
         <load_address>0x15b1a</load_address>
         <run_address>0x15b1a</run_address>
         <size>0x52</size>
         <input_file_ref idref="fl-71"/>
      </object_component>
      <object_component id="oc-263">
         <name>.text:HTTPCli_destruct</name>
         <load_address>0x15b6c</load_address>
         <run_address>0x15b6c</run_address>
         <size>0x52</size>
         <input_file_ref idref="fl-71"/>
      </object_component>
      <object_component id="oc-245">
         <name>.text:sl_SetSockOpt</name>
         <load_address>0x15bbe</load_address>
         <run_address>0x15bbe</run_address>
         <size>0x52</size>
         <input_file_ref idref="fl-d"/>
      </object_component>
      <object_component id="oc-244">
         <name>.text:Ssock_construct</name>
         <load_address>0x15c10</load_address>
         <run_address>0x15c10</run_address>
         <size>0x50</size>
         <input_file_ref idref="fl-72"/>
      </object_component>
      <object_component id="oc-29d">
         <name>.text:sl_Recv</name>
         <load_address>0x15c60</load_address>
         <run_address>0x15c60</run_address>
         <size>0x50</size>
         <input_file_ref idref="fl-d"/>
      </object_component>
      <object_component id="oc-287">
         <name>.text:stringCompare</name>
         <load_address>0x15cb0</load_address>
         <run_address>0x15cb0</run_address>
         <size>0x50</size>
         <input_file_ref idref="fl-71"/>
      </object_component>
      <object_component id="oc-276">
         <name>.text:HTTPCli_readRawResponseBody</name>
         <load_address>0x15d00</load_address>
         <run_address>0x15d00</run_address>
         <size>0x4c</size>
         <input_file_ref idref="fl-71"/>
      </object_component>
      <object_component id="oc-20a">
         <name>.text:sl_WlanPolicySet</name>
         <load_address>0x15d4c</load_address>
         <run_address>0x15d4c</run_address>
         <size>0x4c</size>
         <input_file_ref idref="fl-f"/>
      </object_component>
      <object_component id="oc-206">
         <name>.text:_SlNonOsMainLoopTask</name>
         <load_address>0x15d98</load_address>
         <run_address>0x15d98</run_address>
         <size>0x4a</size>
         <input_file_ref idref="fl-c"/>
      </object_component>
      <object_component id="oc-17d">
         <name>.text</name>
         <load_address>0x15de2</load_address>
         <run_address>0x15de2</run_address>
         <size>0x4a</size>
         <input_file_ref idref="fl-61"/>
      </object_component>
      <object_component id="oc-187">
         <name>.text</name>
         <load_address>0x15e2c</load_address>
         <run_address>0x15e2c</run_address>
         <size>0x4a</size>
         <input_file_ref idref="fl-63"/>
      </object_component>
      <object_component id="oc-2b3">
         <name>.text:_fcpy</name>
         <load_address>0x15e76</load_address>
         <run_address>0x15e76</run_address>
         <size>0x48</size>
         <input_file_ref idref="fl-58"/>
      </object_component>
      <object_component id="oc-19b">
         <name>.text</name>
         <load_address>0x15ebe</load_address>
         <run_address>0x15ebe</run_address>
         <size>0x46</size>
         <input_file_ref idref="fl-67"/>
      </object_component>
      <object_component id="oc-266">
         <name>.text:_pproc_fflags</name>
         <load_address>0x15f04</load_address>
         <run_address>0x15f04</run_address>
         <size>0x44</size>
         <input_file_ref idref="fl-58"/>
      </object_component>
      <object_component id="oc-210">
         <name>.text:sl_WlanRxFilterSet</name>
         <load_address>0x15f48</load_address>
         <run_address>0x15f48</run_address>
         <size>0x44</size>
         <input_file_ref idref="fl-f"/>
      </object_component>
      <object_component id="oc-279">
         <name>.text:spi_Write</name>
         <load_address>0x15f8c</load_address>
         <run_address>0x15f8c</run_address>
         <size>0x44</size>
         <input_file_ref idref="fl-10"/>
      </object_component>
      <object_component id="oc-264">
         <name>.text:_sl_BuildAddress</name>
         <load_address>0x15fd0</load_address>
         <run_address>0x15fd0</run_address>
         <size>0x42</size>
         <input_file_ref idref="fl-d"/>
      </object_component>
      <object_component id="oc-2ab">
         <name>.text:_sl_HandleAsync_Select</name>
         <load_address>0x16012</load_address>
         <run_address>0x16012</run_address>
         <size>0x42</size>
         <input_file_ref idref="fl-d"/>
      </object_component>
      <object_component id="oc-2ac">
         <name>.text:_sl_HandleAsync_Stop</name>
         <load_address>0x16054</load_address>
         <run_address>0x16054</run_address>
         <size>0x42</size>
         <input_file_ref idref="fl-6"/>
      </object_component>
      <object_component id="oc-270">
         <name>.text:skipLine</name>
         <load_address>0x16096</load_address>
         <run_address>0x16096</run_address>
         <size>0x42</size>
         <input_file_ref idref="fl-71"/>
      </object_component>
      <object_component id="oc-203">
         <name>.text:SetVCore</name>
         <load_address>0x160d8</load_address>
         <run_address>0x160d8</run_address>
         <size>0x40</size>
         <input_file_ref idref="fl-4"/>
      </object_component>
      <object_component id="oc-2a2">
         <name>.text:SimpleLinkSockEventHandler</name>
         <load_address>0x16118</load_address>
         <run_address>0x16118</run_address>
         <size>0x40</size>
         <input_file_ref idref="fl-3"/>
      </object_component>
      <object_component id="oc-1c7">
         <name>.text</name>
         <load_address>0x16158</load_address>
         <run_address>0x16158</run_address>
         <size>0x40</size>
         <input_file_ref idref="fl-70"/>
      </object_component>
      <object_component id="oc-21f">
         <name>.text:sl_Htonl</name>
         <load_address>0x16198</load_address>
         <run_address>0x16198</run_address>
         <size>0x40</size>
         <input_file_ref idref="fl-d"/>
      </object_component>
      <object_component id="oc-228">
         <name>.text:HTTPCli_sendRequestBody</name>
         <load_address>0x161d8</load_address>
         <run_address>0x161d8</run_address>
         <size>0x3e</size>
         <input_file_ref idref="fl-71"/>
      </object_component>
      <object_component id="oc-23c">
         <name>.text:_SlNonOsSpawn</name>
         <load_address>0x16216</load_address>
         <run_address>0x16216</run_address>
         <size>0x3e</size>
         <input_file_ref idref="fl-c"/>
      </object_component>
      <object_component id="oc-246">
         <name>.text:HTTPCli_disconnect</name>
         <load_address>0x16254</load_address>
         <run_address>0x16254</run_address>
         <size>0x3a</size>
         <input_file_ref idref="fl-71"/>
      </object_component>
      <object_component id="oc-2bb">
         <name>.text:__lslll</name>
         <load_address>0x1628e</load_address>
         <run_address>0x1628e</run_address>
         <size>0x3a</size>
         <input_file_ref idref="fl-68"/>
      </object_component>
      <object_component id="oc-2b8">
         <name>.text:__lsrll</name>
         <load_address>0x162c8</load_address>
         <run_address>0x162c8</run_address>
         <size>0x3a</size>
         <input_file_ref idref="fl-69"/>
      </object_component>
      <object_component id="oc-2a4">
         <name>.text:CopyPingResultsToReport</name>
         <load_address>0x16302</load_address>
         <run_address>0x16302</run_address>
         <size>0x38</size>
         <input_file_ref idref="fl-a"/>
      </object_component>
      <object_component id="oc-223">
         <name>.text:HTTPCli_setRequestFields</name>
         <load_address>0x1633a</load_address>
         <run_address>0x1633a</run_address>
         <size>0x38</size>
         <input_file_ref idref="fl-71"/>
      </object_component>
      <object_component id="oc-298">
         <name>.text:_FDclass</name>
         <load_address>0x16372</load_address>
         <run_address>0x16372</run_address>
         <size>0x38</size>
         <input_file_ref idref="fl-6e"/>
      </object_component>
      <object_component id="oc-274">
         <name>.text:minit</name>
         <load_address>0x163aa</load_address>
         <run_address>0x163aa</run_address>
         <size>0x38</size>
         <input_file_ref idref="fl-4c"/>
      </object_component>
      <object_component id="oc-226">
         <name>.text:sprintf</name>
         <load_address>0x163e2</load_address>
         <run_address>0x163e2</run_address>
         <size>0x38</size>
         <input_file_ref idref="fl-52"/>
      </object_component>
      <object_component id="oc-251">
         <name>.text:HTTPCli_setResponseFields</name>
         <load_address>0x1641a</load_address>
         <run_address>0x1641a</run_address>
         <size>0x36</size>
         <input_file_ref idref="fl-71"/>
      </object_component>
      <object_component id="oc-205">
         <name>.text:Init_FLL_Settle</name>
         <load_address>0x16450</load_address>
         <run_address>0x16450</run_address>
         <size>0x36</size>
         <input_file_ref idref="fl-4"/>
      </object_component>
      <object_component id="oc-204">
         <name>.text:LFXT_Start</name>
         <load_address>0x16486</load_address>
         <run_address>0x16486</run_address>
         <size>0x36</size>
         <input_file_ref idref="fl-4"/>
      </object_component>
      <object_component id="oc-1f9">
         <name>.text:CLI_Configure</name>
         <load_address>0x164bc</load_address>
         <run_address>0x164bc</run_address>
         <size>0x34</size>
         <input_file_ref idref="fl-5"/>
      </object_component>
      <object_component id="oc-231">
         <name>.text:_SlDrvBasicCmd</name>
         <load_address>0x164f0</load_address>
         <run_address>0x164f0</run_address>
         <size>0x34</size>
         <input_file_ref idref="fl-7"/>
      </object_component>
      <object_component id="oc-216">
         <name>.text:_SlDrvRxIrqHandler</name>
         <load_address>0x16524</load_address>
         <run_address>0x16524</run_address>
         <size>0x34</size>
         <input_file_ref idref="fl-7"/>
      </object_component>
      <object_component id="oc-235">
         <name>.text:_SlNonOsSemGet</name>
         <load_address>0x16558</load_address>
         <run_address>0x16558</run_address>
         <size>0x34</size>
         <input_file_ref idref="fl-c"/>
      </object_component>
      <object_component id="oc-242">
         <name>.text:sl_Socket</name>
         <load_address>0x1658c</load_address>
         <run_address>0x1658c</run_address>
         <size>0x34</size>
         <input_file_ref idref="fl-d"/>
      </object_component>
      <object_component id="oc-293">
         <name>.text:_outs</name>
         <load_address>0x165c0</load_address>
         <run_address>0x165c0</run_address>
         <size>0x32</size>
         <input_file_ref idref="fl-75"/>
      </object_component>
      <object_component id="oc-1f8">
         <name>.text:initClk</name>
         <load_address>0x165f2</load_address>
         <run_address>0x165f2</run_address>
         <size>0x30</size>
         <input_file_ref idref="fl-4"/>
      </object_component>
      <object_component id="oc-214">
         <name>.text:_SlDrvProtectAsyncRespSetting</name>
         <load_address>0x16622</load_address>
         <run_address>0x16622</run_address>
         <size>0x2e</size>
         <input_file_ref idref="fl-7"/>
      </object_component>
      <object_component id="oc-1f2">
         <name>.text:exit</name>
         <load_address>0x16650</load_address>
         <run_address>0x16650</run_address>
         <size>0x2e</size>
         <input_file_ref idref="fl-45"/>
      </object_component>
      <object_component id="oc-1fc">
         <name>.text:CLI_Write</name>
         <load_address>0x1667e</load_address>
         <run_address>0x1667e</run_address>
         <size>0x2c</size>
         <input_file_ref idref="fl-5"/>
      </object_component>
      <object_component id="oc-1f6">
         <name>.text:initializeAppVariables</name>
         <load_address>0x166aa</load_address>
         <run_address>0x166aa</run_address>
         <size>0x2c</size>
         <input_file_ref idref="fl-3"/>
      </object_component>
      <object_component id="oc-28b">
         <name>.text:jsmn_alloc_token</name>
         <load_address>0x166d6</load_address>
         <run_address>0x166d6</run_address>
         <size>0x2c</size>
         <input_file_ref idref="fl-2"/>
      </object_component>
      <object_component id="oc-2a3">
         <name>.text:SimpleLinkNetAppEventHandler</name>
         <load_address>0x16702</load_address>
         <run_address>0x16702</run_address>
         <size>0x2a</size>
         <input_file_ref idref="fl-3"/>
      </object_component>
      <object_component id="oc-249">
         <name>.text:setCliState</name>
         <load_address>0x1672c</load_address>
         <run_address>0x1672c</run_address>
         <size>0x2a</size>
         <input_file_ref idref="fl-71"/>
      </object_component>
      <object_component id="oc-21e">
         <name>.text:sl_Htons</name>
         <load_address>0x16756</load_address>
         <run_address>0x16756</run_address>
         <size>0x28</size>
         <input_file_ref idref="fl-d"/>
      </object_component>
      <object_component id="oc-252">
         <name>.text:strncmp</name>
         <load_address>0x1677e</load_address>
         <run_address>0x1677e</run_address>
         <size>0x26</size>
         <input_file_ref idref="fl-55"/>
      </object_component>
      <object_component id="oc-20f">
         <name>.text:sl_NetAppMDNSUnRegisterService</name>
         <load_address>0x167a4</load_address>
         <run_address>0x167a4</run_address>
         <size>0x24</size>
         <input_file_ref idref="fl-a"/>
      </object_component>
      <object_component id="oc-24f">
         <name>.text:HTTPCli_getResponseStatus</name>
         <load_address>0x167c8</load_address>
         <run_address>0x167c8</run_address>
         <size>0x22</size>
         <input_file_ref idref="fl-71"/>
      </object_component>
      <object_component id="oc-1fa">
         <name>.text:displayBanner</name>
         <load_address>0x167ea</load_address>
         <run_address>0x167ea</run_address>
         <size>0x22</size>
         <input_file_ref idref="fl-3"/>
      </object_component>
      <object_component id="oc-12a">
         <name>.text</name>
         <load_address>0x1680c</load_address>
         <run_address>0x1680c</run_address>
         <size>0x22</size>
         <input_file_ref idref="fl-50"/>
      </object_component>
      <object_component id="oc-29e">
         <name>.text:toLowerCase</name>
         <load_address>0x1682e</load_address>
         <run_address>0x1682e</run_address>
         <size>0x22</size>
         <input_file_ref idref="fl-71"/>
      </object_component>
      <object_component id="oc-236">
         <name>.text:Delay</name>
         <load_address>0x16850</load_address>
         <run_address>0x16850</run_address>
         <size>0x20</size>
         <input_file_ref idref="fl-4"/>
      </object_component>
      <object_component id="oc-262">
         <name>.text:sl_Close</name>
         <load_address>0x16870</load_address>
         <run_address>0x16870</run_address>
         <size>0x20</size>
         <input_file_ref idref="fl-d"/>
      </object_component>
      <object_component id="oc-20b">
         <name>.text:sl_WlanProfileDel</name>
         <load_address>0x16890</load_address>
         <run_address>0x16890</run_address>
         <size>0x20</size>
         <input_file_ref idref="fl-f"/>
      </object_component>
      <object_component id="oc-207">
         <name>.text:sl_WlanSetMode</name>
         <load_address>0x168b0</load_address>
         <run_address>0x168b0</run_address>
         <size>0x20</size>
         <input_file_ref idref="fl-f"/>
      </object_component>
      <object_component id="oc-239">
         <name>.text:_SlDrvProtectionObjLockWaitForever</name>
         <load_address>0x168d0</load_address>
         <run_address>0x168d0</run_address>
         <size>0x1e</size>
         <input_file_ref idref="fl-7"/>
      </object_component>
      <object_component id="oc-294">
         <name>.text:_outc</name>
         <load_address>0x168ee</load_address>
         <run_address>0x168ee</run_address>
         <size>0x1e</size>
         <input_file_ref idref="fl-75"/>
      </object_component>
      <object_component id="oc-241">
         <name>.text:getCliState</name>
         <load_address>0x1690c</load_address>
         <run_address>0x1690c</run_address>
         <size>0x1c</size>
         <input_file_ref idref="fl-71"/>
      </object_component>
      <object_component id="oc-243">
         <name>.text:isValidSocket</name>
         <load_address>0x16928</load_address>
         <run_address>0x16928</run_address>
         <size>0x1c</size>
         <input_file_ref idref="fl-71"/>
      </object_component>
      <object_component id="oc-283">
         <name>.text:memccpy</name>
         <load_address>0x16944</load_address>
         <run_address>0x16944</run_address>
         <size>0x1c</size>
         <input_file_ref idref="fl-6b"/>
      </object_component>
      <object_component id="oc-284">
         <name>.text:_sl_TruncatePayloadByProtocol</name>
         <load_address>0x16960</load_address>
         <run_address>0x16960</run_address>
         <size>0x1a</size>
         <input_file_ref idref="fl-d"/>
      </object_component>
      <object_component id="oc-265">
         <name>.text:xvsnprintf</name>
         <load_address>0x1697a</load_address>
         <run_address>0x1697a</run_address>
         <size>0x1a</size>
         <input_file_ref idref="fl-71"/>
      </object_component>
      <object_component id="oc-23a">
         <name>.text:_SlDrvProtectionObjUnLock</name>
         <load_address>0x16994</load_address>
         <run_address>0x16994</run_address>
         <size>0x18</size>
         <input_file_ref idref="fl-7"/>
      </object_component>
      <object_component id="oc-24b">
         <name>.text:_outs</name>
         <load_address>0x169ac</load_address>
         <run_address>0x169ac</run_address>
         <size>0x18</size>
         <input_file_ref idref="fl-52"/>
      </object_component>
      <object_component id="oc-289">
         <name>.text:strcmp</name>
         <load_address>0x169c4</load_address>
         <run_address>0x169c4</run_address>
         <size>0x18</size>
         <input_file_ref idref="fl-74"/>
      </object_component>
      <object_component id="oc-259">
         <name>.text:_SlDrvObjLockWaitForever</name>
         <load_address>0x169dc</load_address>
         <run_address>0x169dc</run_address>
         <size>0x16</size>
         <input_file_ref idref="fl-7"/>
      </object_component>
      <object_component id="oc-219">
         <name>.text:_SlDrvSyncObjWaitForever</name>
         <load_address>0x169f2</load_address>
         <run_address>0x169f2</run_address>
         <size>0x16</size>
         <input_file_ref idref="fl-7"/>
      </object_component>
      <object_component id="oc-16a">
         <name>.text</name>
         <load_address>0x16a08</load_address>
         <run_address>0x16a08</run_address>
         <size>0x16</size>
         <input_file_ref idref="fl-5d"/>
      </object_component>
      <object_component id="oc-125">
         <name>.text</name>
         <load_address>0x16a1e</load_address>
         <run_address>0x16a1e</run_address>
         <size>0x16</size>
         <input_file_ref idref="fl-4f"/>
      </object_component>
      <object_component id="oc-202">
         <name>.text:memset</name>
         <load_address>0x16a34</load_address>
         <run_address>0x16a34</run_address>
         <size>0x14</size>
         <input_file_ref idref="fl-4d"/>
      </object_component>
      <object_component id="oc-24c">
         <name>.text:_outc</name>
         <load_address>0x16a48</load_address>
         <run_address>0x16a48</run_address>
         <size>0x12</size>
         <input_file_ref idref="fl-52"/>
      </object_component>
      <object_component id="oc-29f">
         <name>.text:jsmn_fill_token</name>
         <load_address>0x16a5a</load_address>
         <run_address>0x16a5a</run_address>
         <size>0x12</size>
         <input_file_ref idref="fl-2"/>
      </object_component>
      <object_component id="oc-1f5">
         <name>.text:memcpy</name>
         <load_address>0x16a6c</load_address>
         <run_address>0x16a6c</run_address>
         <size>0x12</size>
         <input_file_ref idref="fl-4b"/>
      </object_component>
      <object_component id="oc-240">
         <name>.text:xassert</name>
         <load_address>0x16a7e</load_address>
         <run_address>0x16a7e</run_address>
         <size>0x12</size>
         <input_file_ref idref="fl-71"/>
      </object_component>
      <object_component id="oc-25c">
         <name>.text:_SlDrvObjUnLock</name>
         <load_address>0x16a90</load_address>
         <run_address>0x16a90</run_address>
         <size>0x10</size>
         <input_file_ref idref="fl-7"/>
      </object_component>
      <object_component id="oc-23e">
         <name>.text:_SlDrvSyncObjSignal</name>
         <load_address>0x16aa0</load_address>
         <run_address>0x16aa0</run_address>
         <size>0x10</size>
         <input_file_ref idref="fl-7"/>
      </object_component>
      <object_component id="oc-2bc">
         <name>.text:l_lsr</name>
         <load_address>0x16ab0</load_address>
         <run_address>0x16ab0</run_address>
         <size>0x10</size>
         <input_file_ref idref="fl-4a"/>
      </object_component>
      <object_component id="oc-225">
         <name>.text:strcpy</name>
         <load_address>0x16ac0</load_address>
         <run_address>0x16ac0</run_address>
         <size>0x10</size>
         <input_file_ref idref="fl-53"/>
      </object_component>
      <object_component id="oc-277">
         <name>.text:jsmn_init</name>
         <load_address>0x16ad0</load_address>
         <run_address>0x16ad0</run_address>
         <size>0xe</size>
         <input_file_ref idref="fl-2"/>
      </object_component>
      <object_component id="oc-211">
         <name>.text:strlen</name>
         <load_address>0x16ade</load_address>
         <run_address>0x16ade</run_address>
         <size>0xe</size>
         <input_file_ref idref="fl-54"/>
      </object_component>
      <object_component id="oc-26c">
         <name>.text:xfree</name>
         <load_address>0x16aec</load_address>
         <run_address>0x16aec</run_address>
         <size>0xe</size>
         <input_file_ref idref="fl-72"/>
      </object_component>
      <object_component id="oc-26a">
         <name>.text:xmalloc</name>
         <load_address>0x16afa</load_address>
         <run_address>0x16afa</run_address>
         <size>0xe</size>
         <input_file_ref idref="fl-72"/>
      </object_component>
      <object_component id="oc-260">
         <name>.text:Ssock_getSocket</name>
         <load_address>0x16b08</load_address>
         <run_address>0x16b08</run_address>
         <size>0xc</size>
         <input_file_ref idref="fl-72"/>
      </object_component>
      <object_component id="oc-21b">
         <name>.text:_sl_GetStartResponseConvert</name>
         <load_address>0x16b14</load_address>
         <run_address>0x16b14</run_address>
         <size>0xc</size>
         <input_file_ref idref="fl-6"/>
      </object_component>
      <object_component id="oc-297">
         <name>.text:toupper</name>
         <load_address>0x16b20</load_address>
         <run_address>0x16b20</run_address>
         <size>0xc</size>
         <input_file_ref idref="fl-6d"/>
      </object_component>
      <object_component id="oc-237">
         <name>.text:CC3100_InterruptEnable</name>
         <load_address>0x16b2c</load_address>
         <run_address>0x16b2c</run_address>
         <size>0xa</size>
         <input_file_ref idref="fl-4"/>
      </object_component>
      <object_component id="oc-2b5">
         <name>.text:SimpleLinkGeneralEventHandler</name>
         <load_address>0x16b36</load_address>
         <run_address>0x16b36</run_address>
         <size>0xa</size>
         <input_file_ref idref="fl-3"/>
      </object_component>
      <object_component id="oc-2a7">
         <name>.text:SimpleLinkHttpServerCallback</name>
         <load_address>0x16b40</load_address>
         <run_address>0x16b40</run_address>
         <size>0xa</size>
         <input_file_ref idref="fl-3"/>
      </object_component>
      <object_component id="oc-233">
         <name>.text:_SlDrvMemZero</name>
         <load_address>0x16b4a</load_address>
         <run_address>0x16b4a</run_address>
         <size>0xa</size>
         <input_file_ref idref="fl-7"/>
      </object_component>
      <object_component id="oc-230">
         <name>.text:_SlDrvResetCmdExt</name>
         <load_address>0x16b54</load_address>
         <run_address>0x16b54</run_address>
         <size>0xa</size>
         <input_file_ref idref="fl-7"/>
      </object_component>
      <object_component id="oc-2bd">
         <name>.text:abs</name>
         <load_address>0x16b5e</load_address>
         <run_address>0x16b5e</run_address>
         <size>0xa</size>
         <input_file_ref idref="fl-6f"/>
      </object_component>
      <object_component id="oc-191">
         <name>.text</name>
         <load_address>0x16b68</load_address>
         <run_address>0x16b68</run_address>
         <size>0xa</size>
         <input_file_ref idref="fl-65"/>
      </object_component>
      <object_component id="oc-105">
         <name>.text</name>
         <load_address>0x16b72</load_address>
         <run_address>0x16b72</run_address>
         <size>0xa</size>
         <input_file_ref idref="fl-49"/>
      </object_component>
      <object_component id="oc-20c">
         <name>.text:sl_WlanDisconnect</name>
         <load_address>0x16b7c</load_address>
         <run_address>0x16b7c</run_address>
         <size>0xa</size>
         <input_file_ref idref="fl-f"/>
      </object_component>
      <object_component id="oc-215">
         <name>.text:CC3100_disable</name>
         <load_address>0x16b86</load_address>
         <run_address>0x16b86</run_address>
         <size>0x8</size>
         <input_file_ref idref="fl-4"/>
      </object_component>
      <object_component id="oc-218">
         <name>.text:CC3100_enable</name>
         <load_address>0x16b8e</load_address>
         <run_address>0x16b8e</run_address>
         <size>0x8</size>
         <input_file_ref idref="fl-4"/>
      </object_component>
      <object_component id="oc-234">
         <name>.text:_SlNonOsSemSet</name>
         <load_address>0x16b96</load_address>
         <run_address>0x16b96</run_address>
         <size>0x8</size>
         <input_file_ref idref="fl-c"/>
      </object_component>
      <object_component id="oc-217">
         <name>.text:registerInterruptHandler</name>
         <load_address>0x16b9e</load_address>
         <run_address>0x16b9e</run_address>
         <size>0x8</size>
         <input_file_ref idref="fl-4"/>
      </object_component>
      <object_component id="oc-22e">
         <name>.text:spi_Close</name>
         <load_address>0x16ba6</load_address>
         <run_address>0x16ba6</run_address>
         <size>0x8</size>
         <input_file_ref idref="fl-10"/>
      </object_component>
      <object_component id="oc-1f7">
         <name>.text:stopWDT</name>
         <load_address>0x16bae</load_address>
         <run_address>0x16bae</run_address>
         <size>0x8</size>
         <input_file_ref idref="fl-4"/>
      </object_component>
      <object_component id="oc-25d">
         <name>.text:CC3100_InterruptDisable</name>
         <load_address>0x16bb6</load_address>
         <run_address>0x16bb6</run_address>
         <size>0x6</size>
         <input_file_ref idref="fl-4"/>
      </object_component>
      <object_component id="oc-1f4">
         <name>.text:disable_button_s1_irq</name>
         <load_address>0x16bbc</load_address>
         <run_address>0x16bbc</run_address>
         <size>0x6</size>
         <input_file_ref idref="fl-4"/>
      </object_component>
      <object_component id="oc-1ef">
         <name>.text:_system_pre_init</name>
         <load_address>0x16bc2</load_address>
         <run_address>0x16bc2</run_address>
         <size>0x4</size>
         <input_file_ref idref="fl-51"/>
      </object_component>
      <object_component id="oc-201">
         <name>.text:abort</name>
         <load_address>0x16bc6</load_address>
         <run_address>0x16bc6</run_address>
         <size>0x4</size>
         <input_file_ref idref="fl-45"/>
      </object_component>
      <object_component id="oc-1ee">
         <name>.text:_nop</name>
         <load_address>0x16bca</load_address>
         <run_address>0x16bca</run_address>
         <size>0x2</size>
         <input_file_ref idref="fl-57"/>
      </object_component>
      <object_component id="oc-72">
         <name>.text:_isr:_c_int00_noargs</name>
         <load_address>0x4400</load_address>
         <run_address>0x4400</run_address>
         <size>0x38</size>
         <input_file_ref idref="fl-3f"/>
      </object_component>
      <object_component id="oc-1ec">
         <name>.text:_isr:UART_ISR</name>
         <load_address>0x4438</load_address>
         <run_address>0x4438</run_address>
         <size>0x36</size>
         <input_file_ref idref="fl-5"/>
      </object_component>
      <object_component id="oc-1ea">
         <name>.text:_isr:IntSpiGPIOHandler</name>
         <load_address>0x446e</load_address>
         <run_address>0x446e</run_address>
         <size>0x32</size>
         <input_file_ref idref="fl-4"/>
      </object_component>
      <object_component id="oc-1f3">
         <name>.text:_isr:CC3100_UART_ISR</name>
         <load_address>0x44a0</load_address>
         <run_address>0x44a0</run_address>
         <size>0xa</size>
         <input_file_ref idref="fl-4"/>
      </object_component>
      <object_component id="oc-1ed">
         <name>.text:_isr:Port1_ISR</name>
         <load_address>0x44aa</load_address>
         <run_address>0x44aa</run_address>
         <size>0xa</size>
         <input_file_ref idref="fl-4"/>
      </object_component>
      <object_component id="oc-1eb">
         <name>.text:_isr:TIMER_A2_ISR</name>
         <load_address>0x44b4</load_address>
         <run_address>0x44b4</run_address>
         <size>0xa</size>
         <input_file_ref idref="fl-4"/>
      </object_component>
      <object_component id="oc-100">
         <name>.text:_isr:__TI_ISR_TRAP</name>
         <load_address>0x44be</load_address>
         <run_address>0x44be</run_address>
         <size>0x6</size>
         <input_file_ref idref="fl-48"/>
      </object_component>
      <object_component id="oc-1e9">
         <name>.text:_isr:Trap_ISR</name>
         <load_address>0x44c4</load_address>
         <run_address>0x44c4</run_address>
         <size>0x4</size>
         <input_file_ref idref="fl-4"/>
      </object_component>
      <object_component id="oc-90">
         <name>.cinit</name>
         <load_address>0x4ff8</load_address>
         <run_address>0x4ff8</run_address>
         <size>0x18</size>
         <input_file_ref idref="fl-4"/>
      </object_component>
      <object_component id="oc-a4">
         <name>.cinit</name>
         <load_address>0x5010</load_address>
         <run_address>0x5010</run_address>
         <size>0x13</size>
         <input_file_ref idref="fl-7"/>
      </object_component>
      <object_component id="oc-fe">
         <name>.cinit</name>
         <load_address>0x5024</load_address>
         <run_address>0x5024</run_address>
         <size>0x10</size>
         <input_file_ref idref="fl-46"/>
      </object_component>
      <object_component id="oc-1ce">
         <name>.cinit</name>
         <load_address>0x5034</load_address>
         <run_address>0x5034</run_address>
         <size>0xc</size>
         <input_file_ref idref="fl-71"/>
      </object_component>
      <object_component id="oc-87">
         <name>.cinit</name>
         <load_address>0x5040</load_address>
         <run_address>0x5040</run_address>
         <size>0x8</size>
         <input_file_ref idref="fl-3"/>
      </object_component>
      <object_component id="oc-97">
         <name>.cinit</name>
         <load_address>0x5048</load_address>
         <run_address>0x5048</run_address>
         <size>0x6</size>
         <input_file_ref idref="fl-5"/>
      </object_component>
      <object_component id="oc-176">
         <name>.cinit</name>
         <load_address>0x504e</load_address>
         <run_address>0x504e</run_address>
         <size>0x6</size>
         <input_file_ref idref="fl-5f"/>
      </object_component>
      <object_component id="oc-115">
         <name>.cinit</name>
         <load_address>0x5054</load_address>
         <run_address>0x5054</run_address>
         <size>0x6</size>
         <input_file_ref idref="fl-4c"/>
      </object_component>
      <object_component id="oc-89">
         <name>.const:.string</name>
         <load_address>0x44c8</load_address>
         <run_address>0x44c8</run_address>
         <size>0x6fa</size>
         <input_file_ref idref="fl-3"/>
      </object_component>
      <object_component id="oc-26e">
         <name>.const:.string:_ctypes_</name>
         <load_address>0x4bc2</load_address>
         <run_address>0x4bc2</run_address>
         <size>0x101</size>
         <input_file_ref idref="fl-5c"/>
      </object_component>
      <object_component id="oc-cd">
         <name>.const</name>
         <load_address>0x4cc4</load_address>
         <run_address>0x4cc4</run_address>
         <size>0xec</size>
         <input_file_ref idref="fl-f"/>
      </object_component>
      <object_component id="oc-1d0">
         <name>.const:.string</name>
         <load_address>0x4db0</load_address>
         <run_address>0x4db0</run_address>
         <size>0x5a</size>
         <input_file_ref idref="fl-71"/>
      </object_component>
      <object_component id="oc-88">
         <name>.const</name>
         <load_address>0x4e0a</load_address>
         <run_address>0x4e0a</run_address>
         <size>0x46</size>
         <input_file_ref idref="fl-3"/>
[...]
      </symbol>
      <symbol id="sm-80f">
         <name>sl_Htonl</name>
         <value>0x16198</value>
         <object_component_ref idref="oc-21f"/>
      </symbol>
      <symbol id="sm-810">
         <name>sl_Htons</name>
         <value>0x16756</value>
         <object_component_ref idref="oc-21e"/>
      </symbol>
      <symbol id="sm-811">
         <name>_SlSelectCmdCtrl</name>
         <value>0x4ee8</value>
         <object_component_ref idref="oc-c5"/>
      </symbol>
      <symbol id="sm-812">
         <name>sl_Connect</name>
         <value>0x13ee2</value>
         <object_component_ref idref="oc-248"/>
      </symbol>
      <symbol id="sm-813">
         <name>sl_Socket</name>
         <value>0x1658c</value>
         <object_component_ref idref="oc-242"/>
      </symbol>
      <symbol id="sm-814">
         <name>_sl_HandleAsync_Select</name>
         <value>0x16012</value>
         <object_component_ref idref="oc-2ab"/>
      </symbol>
      <symbol id="sm-815">
         <name>_SlSockSocketCmdCtrl</name>
         <value>0x4ec4</value>
         <object_component_ref idref="oc-c5"/>
      </symbol>
      <symbol id="sm-816">
         <name>_SlRecvfomCmdCtrl</name>
         <value>0x4ecc</value>
         <object_component_ref idref="oc-c5"/>
      </symbol>
      <symbol id="sm-817">
         <name>_SlSetSockOptCmdCtrl</name>
         <value>0x4ee0</value>
         <object_component_ref idref="oc-c5"/>
      </symbol>
      <symbol id="sm-818">
         <name>_SlAcceptCmdCtrl</name>
         <value>0x4ed8</value>
         <object_component_ref idref="oc-c5"/>
      </symbol>
      <symbol id="sm-819">
         <name>_SlPayloadByProtocolLUT</name>
         <value>0x4fc0</value>
         <object_component_ref idref="oc-29c"/>
      </symbol>
      <symbol id="sm-81a">
         <name>_SlListenCmdCtrl</name>
         <value>0x4ed4</value>
         <object_component_ref idref="oc-c5"/>
      </symbol>
      <symbol id="sm-81b">
         <name>_SlRecvCmdCtrl</name>
         <value>0x4edc</value>
         <object_component_ref idref="oc-c5"/>
      </symbol>
      <symbol id="sm-81c">
         <name>_SlGetSockOptCmdCtrl</name>
         <value>0x4ee4</value>
         <object_component_ref idref="oc-c5"/>
      </symbol>
      <symbol id="sm-81d">
         <name>_sl_TruncatePayloadByProtocol</name>
         <value>0x16960</value>
         <object_component_ref idref="oc-284"/>
      </symbol>
      <symbol id="sm-81e">
         <name>sl_Close</name>
         <value>0x16870</value>
         <object_component_ref idref="oc-262"/>
      </symbol>
      <symbol id="sm-81f">
         <name>_sl_HandleAsync_Accept</name>
         <value>0x159c8</value>
         <object_component_ref idref="oc-2a9"/>
      </symbol>
      <symbol id="sm-820">
         <name>sl_SetSockOpt</name>
         <value>0x15bbe</value>
         <object_component_ref idref="oc-245"/>
      </symbol>
      <symbol id="sm-85d">
         <name>sl_WlanDisconnect</name>
         <value>0x16b7c</value>
         <object_component_ref idref="oc-20c"/>
      </symbol>
      <symbol id="sm-85e">
         <name>_SlPolicyGetCmdCtrl</name>
         <value>0x4cc8</value>
         <object_component_ref idref="oc-cd"/>
      </symbol>
      <symbol id="sm-85f">
         <name>_SlPolicySetCmdCtrl</name>
         <value>0x4cc4</value>
         <object_component_ref idref="oc-cd"/>
      </symbol>
      <symbol id="sm-860">
         <name>_SlRxFilterGetCmdCtrl</name>
         <value>0x4ce0</value>
         <object_component_ref idref="oc-cd"/>
      </symbol>
      <symbol id="sm-861">
         <name>_SlRxFilterSetCmdCtrl</name>
         <value>0x4cdc</value>
         <object_component_ref idref="oc-cd"/>
      </symbol>
      <symbol id="sm-862">
         <name>_SlProfileGetCmdCtrl</name>
         <value>0x4ccc</value>
         <object_component_ref idref="oc-cd"/>
      </symbol>
      <symbol id="sm-863">
         <name>_SlWlanGetNetworkListCtrl</name>
         <value>0x4cd4</value>
         <object_component_ref idref="oc-cd"/>
      </symbol>
      <symbol id="sm-864">
         <name>sl_WlanPolicySet</name>
         <value>0x15d4c</value>
         <object_component_ref idref="oc-20a"/>
      </symbol>
      <symbol id="sm-865">
         <name>_SlProfileDelCmdCtrl</name>
         <value>0x4cd0</value>
         <object_component_ref idref="oc-cd"/>
      </symbol>
      <symbol id="sm-866">
         <name>_SlWlanSetModeCmdCtrl</name>
         <value>0x4ce8</value>
         <object_component_ref idref="oc-cd"/>
      </symbol>
      <symbol id="sm-867">
         <name>_SlWlanCfgSetCmdCtrl</name>
         <value>0x4cec</value>
         <object_component_ref idref="oc-cd"/>
      </symbol>
      <symbol id="sm-868">
         <name>_SlWlanCfgGetCmdCtrl</name>
         <value>0x4cf0</value>
         <object_component_ref idref="oc-cd"/>
      </symbol>
      <symbol id="sm-869">
         <name>sl_WlanProfileDel</name>
         <value>0x16890</value>
         <object_component_ref idref="oc-20b"/>
      </symbol>
      <symbol id="sm-86a">
         <name>_SlRxFilterAddtCmdCtrl</name>
         <value>0x4cd8</value>
         <object_component_ref idref="oc-cd"/>
      </symbol>
      <symbol id="sm-86b">
         <name>sl_WlanRxFilterSet</name>
         <value>0x15f48</value>
         <object_component_ref idref="oc-210"/>
      </symbol>
      <symbol id="sm-86c">
         <name>sl_WlanConnect</name>
         <value>0x10dfa</value>
         <object_component_ref idref="oc-21c"/>
      </symbol>
      <symbol id="sm-86d">
         <name>sl_WlanSet</name>
         <value>0x15a72</value>
         <object_component_ref idref="oc-20e"/>
      </symbol>
      <symbol id="sm-86e">
         <name>_SlSmartConfigStartCmdCtrl</name>
         <value>0x4ce4</value>
         <object_component_ref idref="oc-cd"/>
      </symbol>
      <symbol id="sm-86f">
         <name>sl_WlanSetMode</name>
         <value>0x168b0</value>
         <object_component_ref idref="oc-207"/>
      </symbol>
      <symbol id="sm-896">
         <name>g_ucDinDout</name>
         <value>0x2b52</value>
         <object_component_ref idref="oc-d2"/>
      </symbol>
      <symbol id="sm-897">
         <name>spi_Read</name>
         <value>0x14fbc</value>
         <object_component_ref idref="oc-27c"/>
      </symbol>
      <symbol id="sm-898">
         <name>SetupDMASend</name>
         <value>0x158c0</value>
         <object_component_ref idref="oc-28d"/>
      </symbol>
      <symbol id="sm-899">
         <name>spi_Close</name>
         <value>0x16ba6</value>
         <object_component_ref idref="oc-22e"/>
      </symbol>
      <symbol id="sm-89a">
         <name>SetupDMAReceive</name>
         <value>0x15868</value>
         <object_component_ref idref="oc-291"/>
      </symbol>
      <symbol id="sm-89b">
         <name>spi_Write</name>
         <value>0x15f8c</value>
         <object_component_ref idref="oc-279"/>
      </symbol>
      <symbol id="sm-89c">
         <name>spi_Open</name>
         <value>0x14cba</value>
         <object_component_ref idref="oc-213"/>
      </symbol>
      <symbol id="sm-8ad">
         <name>_c_int00</name>
         <value>0x4400</value>
         <object_component_ref idref="oc-72"/>
      </symbol>
      <symbol id="sm-8ae">
         <name>_stack</name>
         <value>0x420c</value>
         <object_component_ref idref="oc-d9"/>
      </symbol>
      <symbol id="sm-8af">
         <name>_c_int00_noargs</name>
         <value>0x4400</value>
         <object_component_ref idref="oc-72"/>
      </symbol>
      <symbol id="sm-8b0">
         <name>_reset_vector</name>
         <value>0xfffe</value>
         <object_component_ref idref="oc-da"/>
      </symbol>
      <symbol id="sm-8e6">
         <name>__divul</name>
         <value>0x15970</value>
         <object_component_ref idref="oc-f2"/>
      </symbol>
      <symbol id="sm-8e7">
         <name>__remul</name>
         <value>0x15970</value>
         <object_component_ref idref="oc-f2"/>
      </symbol>
      <symbol id="sm-8f8">
         <name>C$$EXIT</name>
         <value>0x16bc6</value>
         <object_component_ref idref="oc-201"/>
      </symbol>
      <symbol id="sm-8f9">
         <name>abort</name>
         <value>0x16bc6</value>
         <object_component_ref idref="oc-201"/>
      </symbol>
      <symbol id="sm-8fa">
         <name>exit</name>
         <value>0x16650</value>
         <object_component_ref idref="oc-1f2"/>
      </symbol>
      <symbol id="sm-8fb">
         <name>__TI_exit</name>
         <value>0x1</value>
      </symbol>
      <symbol id="sm-905">
         <name>__TI_dtors_ptr</name>
         <value>0x2bda</value>
         <object_component_ref idref="oc-fc"/>
      </symbol>
      <symbol id="sm-906">
         <name>__TI_cleanup_ptr</name>
         <value>0x2bd6</value>
         <object_component_ref idref="oc-fc"/>
      </symbol>
      <symbol id="sm-90a">
         <name>__TI_int53</name>
         <value>0xffea</value>
         <object_component_ref idref="oc-76"/>
      </symbol>
      <symbol id="sm-916">
         <name>__TI_ISR_TRAP</name>
         <value>0x44be</value>
         <object_component_ref idref="oc-100"/>
      </symbol>
      <symbol id="sm-923">
         <name>I_LSL</name>
         <value>0x16b72</value>
         <object_component_ref idref="oc-105"/>
      </symbol>
      <symbol id="sm-931">
         <name>L_LSR</name>
         <value>0x16ab0</value>
         <object_component_ref idref="oc-2bc"/>
      </symbol>
      <symbol id="sm-93f">
         <name>memcpy</name>
         <value>0x16a6c</value>
         <object_component_ref idref="oc-1f5"/>
      </symbol>
      <symbol id="sm-973">
         <name>_sys_memory</name>
         <value>0x2bec</value>
         <object_component_ref idref="oc-116"/>
      </symbol>
      <symbol id="sm-974">
         <name>free</name>
         <value>0x14e42</value>
         <object_component_ref idref="oc-258"/>
      </symbol>
      <symbol id="sm-975">
         <name>malloc</name>
         <value>0x1433e</value>
         <object_component_ref idref="oc-255"/>
      </symbol>
      <symbol id="sm-976">
         <name>minit</name>
         <value>0x163aa</value>
         <object_component_ref idref="oc-274"/>
      </symbol>
      <symbol id="sm-984">
         <name>memset</name>
         <value>0x16a34</value>
         <object_component_ref idref="oc-202"/>
      </symbol>
      <symbol id="sm-999">
         <name>__mpyi_f5hw</name>
         <value>0x16a1e</value>
         <object_component_ref idref="oc-125"/>
      </symbol>
      <symbol id="sm-9a5">
         <name>__mpyl_f5hw</name>
         <value>0x1680c</value>
         <object_component_ref idref="oc-12a"/>
      </symbol>
      <symbol id="sm-9b1">
         <name>_system_pre_init</name>
         <value>0x16bc2</value>
         <object_component_ref idref="oc-1ef"/>
      </symbol>
      <symbol id="sm-9c3">
         <name>sprintf</name>
         <value>0x163e2</value>
         <object_component_ref idref="oc-226"/>
      </symbol>
      <symbol id="sm-9d0">
         <name>strcpy</name>
         <value>0x16ac0</value>
         <object_component_ref idref="oc-225"/>
      </symbol>
      <symbol id="sm-9dd">
         <name>strlen</name>
         <value>0x16ade</value>
         <object_component_ref idref="oc-211"/>
      </symbol>
      <symbol id="sm-9ec">
         <name>strncmp</name>
         <value>0x1677e</value>
         <object_component_ref idref="oc-252"/>
      </symbol>
      <symbol id="sm-a11">
         <name>strtoul</name>
         <value>0x11e04</value>
         <object_component_ref idref="oc-253"/>
      </symbol>
      <symbol id="sm-a1f">
         <name>_nop</name>
         <value>0x16bca</value>
         <object_component_ref idref="oc-1ee"/>
      </symbol>
      <symbol id="sm-a20">
         <name>_lock</name>
         <value>0x2bce</value>
         <object_component_ref idref="oc-14d"/>
      </symbol>
      <symbol id="sm-a21">
         <name>_unlock</name>
         <value>0x2bd2</value>
         <object_component_ref idref="oc-14d"/>
      </symbol>
      <symbol id="sm-b3c">
         <name>__TI_printfi</name>
         <value>0x111e6</value>
         <object_component_ref idref="oc-24d"/>
      </symbol>
      <symbol id="sm-b46">
         <name>__TI_args_main</name>
         <value>0x1</value>
      </symbol>
      <symbol id="sm-b59">
         <name>atoi</name>
         <value>0x15a1e</value>
         <object_component_ref idref="oc-280"/>
      </symbol>
      <symbol id="sm-b6b">
         <name>__TI_auto_init</name>
         <value>0x1</value>
      </symbol>
      <symbol id="sm-b6c">
         <name>_auto_init_hold_wdt</name>
         <value>0x15758</value>
         <object_component_ref idref="oc-1f0"/>
      </symbol>
      <symbol id="sm-b74">
         <name>_ctypes_</name>
         <value>0x4bc2</value>
         <object_component_ref idref="oc-26e"/>
      </symbol>
      <symbol id="sm-b82">
         <name>__remu</name>
         <value>0x16a08</value>
         <object_component_ref idref="oc-16a"/>
      </symbol>
      <symbol id="sm-b83">
         <name>__divu</name>
         <value>0x16a08</value>
         <object_component_ref idref="oc-16a"/>
      </symbol>
      <symbol id="sm-bb7">
         <name>__divull</name>
         <value>0x103f4</value>
         <object_component_ref idref="oc-2b9"/>
      </symbol>
      <symbol id="sm-bc1">
         <name>_Errno</name>
         <value>0x2bea</value>
         <object_component_ref idref="oc-174"/>
      </symbol>
      <symbol id="sm-be0">
         <name>__fs_add</name>
         <value>0x12e10</value>
         <object_component_ref idref="oc-178"/>
      </symbol>
      <symbol id="sm-be1">
         <name>__fs_sub</name>
         <value>0x12e0a</value>
         <object_component_ref idref="oc-178"/>
      </symbol>
      <symbol id="sm-bf5">
         <name>__fs_cmp</name>
         <value>0x15de2</value>
         <object_component_ref idref="oc-17d"/>
      </symbol>
      <symbol id="sm-c0b">
         <name>__fs_div</name>
         <value>0x14a94</value>
         <object_component_ref idref="oc-182"/>
      </symbol>
      <symbol id="sm-c1e">
         <name>__fs_ltof</name>
         <value>0x15e2c</value>
         <object_component_ref idref="oc-187"/>
      </symbol>
      <symbol id="sm-c39">
         <name>__fs_mpy</name>
         <value>0x14124</value>
         <object_component_ref idref="oc-18c"/>
      </symbol>
      <symbol id="sm-c46">
         <name>__fs_neg</name>
         <value>0x16b68</value>
         <object_component_ref idref="oc-191"/>
      </symbol>
      <symbol id="sm-c5d">
         <name>__fs_tol</name>
         <value>0x14ec2</value>
         <object_component_ref idref="oc-196"/>
      </symbol>
      <symbol id="sm-c70">
         <name>__fs_tou</name>
         <value>0x15ebe</value>
         <object_component_ref idref="oc-19b"/>
      </symbol>
      <symbol id="sm-c80">
         <name>__lslll</name>
         <value>0x1628e</value>
         <object_component_ref idref="oc-2bb"/>
      </symbol>
      <symbol id="sm-c90">
         <name>__lsrll</name>
         <value>0x162c8</value>
         <object_component_ref idref="oc-2b8"/>
      </symbol>
      <symbol id="sm-c9f">
         <name>ltoa</name>
         <value>0x14f40</value>
         <object_component_ref idref="oc-2ba"/>
      </symbol>
      <symbol id="sm-cae">
         <name>memccpy</name>
         <value>0x16944</value>
         <object_component_ref idref="oc-283"/>
      </symbol>
      <symbol id="sm-cba">
         <name>__mpyll_f5hw</name>
         <value>0x157b4</value>
         <object_component_ref idref="oc-2ae"/>
      </symbol>
      <symbol id="sm-cc7">
         <name>toupper</name>
         <value>0x16b20</value>
         <object_component_ref idref="oc-297"/>
      </symbol>
      <symbol id="sm-cd8">
         <name>_FDclass</name>
         <value>0x16372</value>
         <object_component_ref idref="oc-298"/>
      </symbol>
      <symbol id="sm-ce5">
         <name>abs</name>
         <value>0x16b5e</value>
         <object_component_ref idref="oc-2bd"/>
      </symbol>
      <symbol id="sm-cf5">
         <name>__remli</name>
         <value>0x16158</value>
         <object_component_ref idref="oc-1c7"/>
      </symbol>
      <symbol id="sm-cf6">
         <name>__divli</name>
         <value>0x16158</value>
         <object_component_ref idref="oc-1c7"/>
      </symbol>
      <symbol id="sm-dea">
         <name>HTTPCli_setRequestFields</name>
         <value>0x1633a</value>
         <object_component_ref idref="oc-223"/>
      </symbol>
      <symbol id="sm-deb">
         <name>HTTPCli_construct</name>
         <value>0x15b1a</value>
         <object_component_ref idref="oc-220"/>
      </symbol>
      <symbol id="sm-dec">
         <name>HTTPCli_getResponseField</name>
         <value>0x1158a</value>
         <object_component_ref idref="oc-254"/>
      </symbol>
      <symbol id="sm-ded">
         <name>HTTPCli_readRawResponseBody</name>
         <value>0x15d00</value>
         <object_component_ref idref="oc-276"/>
      </symbol>
      <symbol id="sm-dee">
         <name>HTTPCli_connect</name>
         <value>0x11f98</value>
         <object_component_ref idref="oc-221"/>
      </symbol>
      <symbol id="sm-def">
         <name>HTTPCli_sendRequest</name>
         <value>0x13164</value>
         <object_component_ref idref="oc-224"/>
      </symbol>
      <symbol id="sm-df0">
         <name>HTTPCli_readResponseBody</name>
         <value>0x13b98</value>
         <object_component_ref idref="oc-256"/>
      </symbol>
      <symbol id="sm-df1">
         <name>HTTPCli_sendField</name>
         <value>0x1519a</value>
         <object_component_ref idref="oc-227"/>
      </symbol>
      <symbol id="sm-df2">
         <name>HTTPCli_destruct</name>
         <value>0x15b6c</value>
         <object_component_ref idref="oc-263"/>
      </symbol>
      <symbol id="sm-df3">
         <name>bufferedRecv</name>
         <value>0x113b8</value>
         <object_component_ref idref="oc-26f"/>
      </symbol>
      <symbol id="sm-df4">
         <name>HTTPCli_getResponseStatus</name>
         <value>0x167c8</value>
         <object_component_ref idref="oc-24f"/>
      </symbol>
      <symbol id="sm-df5">
         <name>HTTPCli_disconnect</name>
         <value>0x16254</value>
         <object_component_ref idref="oc-246"/>
      </symbol>
      <symbol id="sm-df6">
         <name>HTTPCli_setResponseFields</name>
         <value>0x1641a</value>
         <object_component_ref idref="oc-251"/>
      </symbol>
      <symbol id="sm-df7">
         <name>HTTPCli_sendRequestBody</name>
         <value>0x161d8</value>
         <object_component_ref idref="oc-228"/>
      </symbol>
      <symbol id="sm-e26">
         <name>Ssock_recv</name>
         <value>0x14d3e</value>
         <object_component_ref idref="oc-286"/>
      </symbol>
      <symbol id="sm-e27">
         <name>Ssock_send</name>
         <value>0x11ac4</value>
         <object_component_ref idref="oc-24e"/>
      </symbol>
      <symbol id="sm-e28">
         <name>Ssock_getSocket</name>
         <value>0x16b08</value>
         <object_component_ref idref="oc-260"/>
      </symbol>
      <symbol id="sm-e29">
         <name>Ssock_construct</name>
         <value>0x15c10</value>
         <object_component_ref idref="oc-244"/>
      </symbol>
      <symbol id="sm-e2a">
         <name>Ssock_destruct</name>
         <value>0x1557a</value>
         <object_component_ref idref="oc-261"/>
      </symbol>
      <symbol id="sm-e41">
         <name>strcmp</name>
         <value>0x169c4</value>
         <object_component_ref idref="oc-289"/>
      </symbol>
      <symbol id="sm-e59">
         <name>vsnprintf</name>
         <value>0x15ac6</value>
         <object_component_ref idref="oc-27f"/>
      </symbol>
   </symbol_table>
   <title>Link successful</title>
</link_info>
