******************************************************************************
                  MSP430 Linker PC v4.3.8                      
******************************************************************************
>> Linked Wed Nov 29 22:32:30 2017

OUTPUT FILE NAME:   <http_client.out>
ENTRY POINT SYMBOL: "_c_int00"  address: 00004400


MEMORY CONFIGURATION

         name            origin    length      used     unused   attr    fill
----------------------  --------  ---------  --------  --------  ----  --------
  SFR                   00000000   00000010  00000000  00000010  RWIX
  PERIPHERALS_8BIT      00000010   000000f0  00000000  000000f0  RWIX
  PERIPHERALS_16BIT     00000100   00000100  00000000  00000100  RWIX
  INFOD                 00001800   00000080  00000000  00000080  RWIX
  INFOC                 00001880   00000080  00000000  00000080  RWIX
  INFOB                 00001900   00000080  00000000  00000080  RWIX
  INFOA                 00001980   00000080  00000000  00000080  RWIX
  USBRAM                00001c00   00000800  00000000  00000800  RWIX
  RAM                   00002400   00002000  00000bd4  0000142c  RWIX
  FLASH                 00004400   0000bb80  00000c5c  0000af24  RWIX
  INT00                 0000ff80   00000002  00000000  00000002  RWIX
  INT01                 0000ff82   00000002  00000000  00000002  RWIX
  INT02                 0000ff84   00000002  00000000  00000002  RWIX
  INT03                 0000ff86   00000002  00000000  00000002  RWIX
  INT04                 0000ff88   00000002  00000000  00000002  RWIX
  INT05                 0000ff8a   00000002  00000000  00000002  RWIX
  INT06                 0000ff8c   00000002  00000000  00000002  RWIX
  INT07                 0000ff8e   00000002  00000000  00000002  RWIX
  INT08                 0000ff90   00000002  00000000  00000002  RWIX
  INT09                 0000ff92   00000002  00000000  00000002  RWIX
  INT10                 0000ff94   00000002  00000000  00000002  RWIX
  INT11                 0000ff96   00000002  00000000  00000002  RWIX
  INT12                 0000ff98   00000002  00000000  00000002  RWIX
  INT13                 0000ff9a   00000002  00000000  00000002  RWIX
  INT14                 0000ff9c   00000002  00000000  00000002  RWIX
  INT15                 0000ff9e   00000002  00000000  00000002  RWIX
  INT16                 0000ffa0   00000002  00000000  00000002  RWIX
  INT17                 0000ffa2   00000002  00000000  00000002  RWIX
  INT18                 0000ffa4   00000002  00000000  00000002  RWIX
  INT19                 0000ffa6   00000002  00000000  00000002  RWIX
  INT20                 0000ffa8   00000002  00000000  00000002  RWIX
  INT21                 0000ffaa   00000002  00000000  00000002  RWIX
  INT22                 0000ffac   00000002  00000000  00000002  RWIX
  INT23                 0000ffae   00000002  00000000  00000002  RWIX
  INT24                 0000ffb0   00000002  00000000  00000002  RWIX
  INT25                 0000ffb2   00000002  00000000  00000002  RWIX
  INT26                 0000ffb4   00000002  00000000  00000002  RWIX
  INT27                 0000ffb6   00000002  00000000  00000002  RWIX
  INT28                 0000ffb8   00000002  00000000  00000002  RWIX
  INT29                 0000ffba   00000002  00000000  00000002  RWIX
  INT30                 0000ffbc   00000002  00000000  00000002  RWIX
  INT31                 0000ffbe   00000002  00000000  00000002  RWIX
  INT32                 0000ffc0   00000002  00000000  00000002  RWIX
  INT33                 0000ffc2   00000002  00000000  00000002  RWIX
  INT34                 0000ffc4   00000002  00000000  00000002  RWIX
  INT35                 0000ffc6   00000002  00000000  00000002  RWIX
  INT36                 0000ffc8   00000002  00000000  00000002  RWIX
  INT37                 0000ffca   00000002  00000000  00000002  RWIX
  INT38                 0000ffcc   00000002  00000000  00000002  RWIX
  INT39                 0000ffce   00000002  00000000  00000002  RWIX
  INT40                 0000ffd0   00000002  00000000  00000002  RWIX
  INT41                 0000ffd2   00000002  00000002  00000000  RWIX
  INT42                 0000ffd4   00000002  00000002  00000000  RWIX
  INT43                 0000ffd6   00000002  00000002  00000000  RWIX
  INT44                 0000ffd8   00000002  00000002  00000000  RWIX
  INT45                 0000ffda   00000002  00000002  00000000  RWIX
  INT46                 0000ffdc   00000002  00000002  00000000  RWIX
  INT47                 0000ffde   00000002  00000002  00000000  RWIX
  INT48                 0000ffe0   00000002  00000002  00000000  RWIX
  INT49                 0000ffe2   00000002  00000002  00000000  RWIX
  INT50                 0000ffe4   00000002  00000002  00000000  RWIX
  INT51                 0000ffe6   00000002  00000002  00000000  RWIX
  INT52                 0000ffe8   00000002  00000002  00000000  RWIX
  INT53                 0000ffea   00000002  00000002  00000000  RWIX
  INT54                 0000ffec   00000002  00000002  00000000  RWIX
  INT55                 0000ffee   00000002  00000002  00000000  RWIX
  INT56                 0000fff0   00000002  00000002  00000000  RWIX
  INT57                 0000fff2   00000002  00000002  00000000  RWIX
  INT58                 0000fff4   00000002  00000002  00000000  RWIX
  INT59                 0000fff6   00000002  00000002  00000000  RWIX
  INT60                 0000fff8   00000002  00000002  00000000  RWIX
  INT61                 0000fffa   00000002  00000002  00000000  RWIX
  INT62                 0000fffc   00000002  00000002  00000000  RWIX
  RESET                 0000fffe   00000002  00000002  00000000  RWIX
  FLASH2                00010000   00014400  00006bcc  0000d834  RWIX


SECTION ALLOCATION MAP

 output                                  attributes/
section   page    origin      length       input sections
--------  ----  ----------  ----------   ----------------
.pinit     0    00004400    00000000     UNINITIALIZED

.data      0    00002400    00000000     UNINITIALIZED

.bss       0    00002400    000007ec     UNINITIALIZED
                  00002400    000005c6     main.obj (.bss)
                  000029c6    00000135     driver.obj (.bss)
                  00002afb    00000001     --HOLE--
                  00002afc    00000056     http_lib.lib : httpcli.obj (.bss)
                  00002b52    00000050     spi.obj (.bss)
                  00002ba2    0000001e     nonos.obj (.bss)
                  00002bc0    0000000e     board.obj (.bss)
                  00002bce    00000008     rts430x.lib : _lock.obj (.bss)
                  00002bd6    00000008                 : exit_gvars.obj (.bss)
                  00002bde    00000008                 : memory.obj (.bss)
                  00002be6    00000004     cli_uart.obj (.bss)
                  00002bea    00000002     rts430x.lib : errno.obj (.bss)

.sysmem    0    00002bec    000001f4     UNINITIALIZED
                  00002bec    00000004     rts430x.lib : memory.obj (.sysmem)
                  00002bf0    000001f0     --HOLE--

.stack     0    0000420c    000001f4     UNINITIALIZED
                  0000420c    00000002     rts430x.lib : boot.obj (.stack)
                  0000420e    000001f2     --HOLE--

.text:_isr 
*          0    00004400    000000c8     
                  00004400    00000038     rts430x.lib : boot.obj (.text:_isr:_c_int00_noargs)
                  00004438    00000036     cli_uart.obj (.text:_isr:UART_ISR)
                  0000446e    00000032     board.obj (.text:_isr:IntSpiGPIOHandler)
                  000044a0    0000000a     board.obj (.text:_isr:CC3100_UART_ISR)
                  000044aa    0000000a     board.obj (.text:_isr:Port1_ISR)
                  000044b4    0000000a     board.obj (.text:_isr:TIMER_A2_ISR)
                  000044be    00000006     rts430x.lib : isr_trap.obj (.text:_isr:__TI_ISR_TRAP)
                  000044c4    00000004     board.obj (.text:_isr:Trap_ISR)

.const     0    000044c8    00000b30     
                  000044c8    000006fa     main.obj (.const:.string)
                  00004bc2    00000101     rts430x.lib : ctype.obj (.const:.string:_ctypes_)
                  00004cc3    00000001     --HOLE-- [fill = 0]
                  00004cc4    000000ec     wlan.obj (.const)
                  00004db0    0000005a     http_lib.lib : httpcli.obj (.const:.string)
                  00004e0a    00000046     main.obj (.const)
                  00004e50    0000003c     driver.obj (.const:OpcodeTranslateTable)
                  00004e8c    00000038     driver.obj (.const:_SlActionLookupTable)
                  00004ec4    00000034     socket.obj (.const)
                  00004ef8    00000028     netapp.obj (.const)
                  00004f20    00000024     rts430x.lib : _printfi.obj (.const:.string)
                  00004f44    00000024     fs.obj (.const)
                  00004f68    00000020     driver.obj (.const:RxMsgClassLUT)
                  00004f88    00000014     device.obj (.const)
                  00004f9c    00000014     driver.obj (.const)
                  00004fb0    00000010     main.obj (.const:$P$T0$1)
                  00004fc0    00000010     socket.obj (.const:.string:_SlPayloadByProtocolLUT)
                  00004fd0    00000010     http_lib.lib : httpcli.obj (.const)
                  00004fe0    00000008                  : httpcli.obj (.const:.string:$P$T0$1)
                  00004fe8    00000008     device.obj (.const:.string:StartResponseLUT)
                  00004ff0    00000008     netcfg.obj (.const)

.cinit     0    00004ff8    00000064     
                  00004ff8    00000018     board.obj (.cinit)
                  00005010    00000013     driver.obj (.cinit)
                  00005023    00000001     --HOLE-- [fill = 0]
                  00005024    00000010     rts430x.lib : exit_gvars.obj (.cinit)
                  00005034    0000000c     http_lib.lib : httpcli.obj (.cinit)
                  00005040    00000008     main.obj (.cinit)
                  00005048    00000006     cli_uart.obj (.cinit)
                  0000504e    00000006     rts430x.lib : errno.obj (.cinit)
                  00005054    00000006                 : memory.obj (.cinit)
                  0000505a    00000002     --HOLE-- [fill = 0]

RTC        0    0000ffd2    00000002     
                  0000ffd2    00000002     board.obj (.int41)

PORT2      0    0000ffd4    00000002     
                  0000ffd4    00000002     board.obj (.int42)

TIMER2_A1 
*          0    0000ffd6    00000002     
                  0000ffd6    00000002     board.obj (.int43)

TIMER2_A0 
*          0    0000ffd8    00000002     
                  0000ffd8    00000002     board.obj (.int44)

USCI_B1    0    0000ffda    00000002     
                  0000ffda    00000002     board.obj (.int45)

USCI_A1    0    0000ffdc    00000002     
                  0000ffdc    00000002     cli_uart.obj (.int46)

PORT1      0    0000ffde    00000002     
                  0000ffde    00000002     board.obj (.int47)

TIMER1_A1 
*          0    0000ffe0    00000002     
                  0000ffe0    00000002     board.obj (.int48)

TIMER1_A0 
*          0    0000ffe2    00000002     
                  0000ffe2    00000002     board.obj (.int49)

DMA        0    0000ffe4    00000002     
                  0000ffe4    00000002     board.obj (.int50)

USB_UBM    0    0000ffe6    00000002     
                  0000ffe6    00000002     board.obj (.int51)

TIMER0_A1 
*          0    0000ffe8    00000002     
                  0000ffe8    00000002     board.obj (.int52)

TIMER0_A0 
*          0    0000ffea    00000002     
                  0000ffea    00000002     rts430x.lib : int53.obj (.int53)

ADC12      0    0000ffec    00000002     
                  0000ffec    00000002     board.obj (.int54)

USCI_B0    0    0000ffee    00000002     
                  0000ffee    00000002     board.obj (.int55)

USCI_A0    0    0000fff0    00000002     
                  0000fff0    00000002     board.obj (.int56)

WDT        0    0000fff2    00000002     
                  0000fff2    00000002     board.obj (.int57)

TIMER0_B1 
*          0    0000fff4    00000002     
                  0000fff4    00000002     board.obj (.int58)

TIMER0_B0 
*          0    0000fff6    00000002     
                  0000fff6    00000002     board.obj (.int59)

COMP_B     0    0000fff8    00000002     
                  0000fff8    00000002     board.obj (.int60)

UNMI       0    0000fffa    00000002     
                  0000fffa    00000002     board.obj (.int61)

SYSNMI     0    0000fffc    00000002     
                  0000fffc    00000002     board.obj (.int62)

.reset     0    0000fffe    00000002     
                  0000fffe    00000002     rts430x.lib : boot.obj (.reset)

.text      0    00010000    00006bcc     
                  00010000    000003f4     driver.obj (.text:_SlDrvMsgRead)
                  000103f4    0000038e     rts430x.lib : div64u.obj (.text:__divull)
                  00010782    00000238                 : _printfi.obj (.text:_setfield)
                  000109ba    00000234     jsmn.obj (.text:jsmn_parse)
                  00010bee    0000020c     main.obj (.text:readResponse)
                  00010dfa    000001fe     wlan.obj (.text:sl_WlanConnect)
                  00010ff8    000001ee     main.obj (.text:configureSimpleLinkToDefaultState)
                  000111e6    000001d2     rts430x.lib : _printfi.obj (.text:__TI_printfi)
                  000113b8    000001d2     http_lib.lib : httpcli.obj (.text:bufferedRecv)
                  0001158a    000001c6                  : httpcli.obj (.text:HTTPCli_getResponseField)
                  00011750    000001c2     driver.obj (.text:_SlDrvRxHdrRead)
                  00011912    000001b2     http_lib.lib : httpcli.obj (.text:getChunkedData)
                  00011ac4    000001a4                  : ssock.obj (.text:Ssock_send)
                  00011c68    0000019c     rts430x.lib : _printfi.obj (.text:_pproc_fge)
                  00011e04    00000194                 : strtoul.obj (.text:strtoul)
                  00011f98    00000174     http_lib.lib : httpcli.obj (.text:HTTPCli_connect)
                  0001210c    00000166     rts430x.lib : _printfi.obj (.text:ecvt)
                  00012272    00000164                 : _printfi.obj (.text:_getarg_diouxp)
                  000123d6    0000015e                 : _printfi.obj (.text:fcvt)
                  00012534    00000152     driver.obj (.text:_SlDrvReleasePoolObj)
                  00012686    0000014a     rts430x.lib : _printfi.obj (.text:_pconv_e)
                  000127d0    00000144                 : _printfi.obj (.text:_pproc_diouxp)
                  00012914    00000142     driver.obj (.text:_SlDrvMsgWrite)
                  00012a56    00000140     driver.obj (.text:_SlDrvDriverCBInit)
                  00012b96    0000013e     jsmn.obj (.text:jsmn_parse_string)
                  00012cd4    00000136     driver.obj (.text:_SlDrvWaitForPoolObj)
                  00012e0a    00000130     rts430x.lib : fs_add.obj (.text)
                  00012f3a    0000011a     main.obj (.text:HTTPPostMethod)
                  00013054    00000110     http_lib.lib : httpcli.obj (.text:startSecureMode)
                  00013164    000000fc                  : httpcli.obj (.text:HTTPCli_sendRequest)
                  00013260    000000fc     driver.obj (.text:_SlDrvDataReadOp)
                  0001335c    000000fa     rts430x.lib : _printfi.obj (.text:_ltostr)
                  00013456    000000f8                 : _printfi.obj (.text:_pconv_g)
                  0001354e    000000f4                 : _printfi.obj (.text:_pproc_fwp)
                  00013642    000000ee     driver.obj (.text:_SlDrvDataWriteOp)
                  00013730    000000ea     main.obj (.text:ParseJSONData)
                  0001381a    000000e8     board.obj (.text:Init_FLL)
                  00013902    000000e2     netapp.obj (.text:_SlDrvNetAppEventHandler)
                  000139e4    000000da     driver.obj (.text:_SlFindAndSetActiveObj)
                  00013abe    000000da     http_lib.lib : httpcli.obj (.text:readLine)
                  00013b98    000000d6                  : httpcli.obj (.text:HTTPCli_readResponseBody)
                  00013c6e    000000d4     board.obj (.text:SetVCoreUp)
                  00013d42    000000d0     main.obj (.text:main)
                  00013e12    000000d0     netapp.obj (.text:sl_NetAppDnsGetHostByName)
                  00013ee2    000000c8     socket.obj (.text:sl_Connect)
                  00013faa    000000c0     netapp.obj (.text:sl_NetAppMDNSRegisterUnregisterService)
                  0001406a    000000ba     driver.obj (.text:_SlDrvDriverCBDeinit)
                  00014124    000000b6     rts430x.lib : fs_mpy.obj (.text)
                  000141da    000000b4     socket.obj (.text:sl_Send)
                  0001428e    000000b0     http_lib.lib : httpcli.obj (.text:getStatus)
                  0001433e    000000ac     rts430x.lib : memory.obj (.text:malloc)
                  000143ea    000000a8     jsmn.obj (.text:jsmn_parse_primitive)
                  00014492    000000a4     main.obj (.text:ConnectToHTTPServer)
                  00014536    000000a0     main.obj (.text:FlushHTTPResponse)
                  000145d6    000000a0     rts430x.lib : _printfi.obj (.text:_pproc_str)
                  00014676    0000009e     device.obj (.text:sl_Stop)
                  00014714    0000009c     device.obj (.text:sl_Start)
                  000147b0    0000009a     board.obj (.text:SetVCoreDown)
                  0001484a    00000094     driver.obj (.text:_SlDrvMsgReadCmdCtx)
                  000148de    00000092     driver.obj (.text:_SlDrvCmdOp)
                  00014970    00000092     http_lib.lib : httpcli.obj (.text:checkContentField)
                  00014a02    00000092     device.obj (.text:sl_DevGet)
                  00014a94    0000008e     rts430x.lib : fs_div.obj (.text)
                  00014b22    00000088                 : _printfi.obj (.text:_div)
                  00014baa    00000088                 : _printfi.obj (.text:_mcpy)
                  00014c32    00000088     netapp.obj (.text:_sl_HandleAsync_DnsGetHostByService)
                  00014cba    00000084     spi.obj (.text:spi_Open)
                  00014d3e    00000082     http_lib.lib : ssock.obj (.text:Ssock_recv)
                  00014dc0    00000082     rts430x.lib : _printfi.obj (.text:_ecpy)
                  00014e42    00000080                 : memory.obj (.text:free)
                  00014ec2    0000007e                 : fs_tol.obj (.text)
                  00014f40    0000007c                 : ltoa.obj (.text:ltoa)
                  00014fbc    0000007c     spi.obj (.text:spi_Read)
                  00015038    00000078     device.obj (.text:_sl_HandleAsync_InitComplete)
                  000150b0    00000076     driver.obj (.text:_SlDrvClassifyRxMsg)
                  00015126    00000074     netapp.obj (.text:_sl_HandleAsync_PingResponse)
                  0001519a    00000072     http_lib.lib : httpcli.obj (.text:HTTPCli_sendField)
                  0001520c    00000072     driver.obj (.text:_SlDrvMsgReadSpawnCtx)
                  0001527e    00000070     device.obj (.text:_SlDrvDeviceEventHandler)
                  000152ee    00000070     http_lib.lib : httpcli.obj (.text:sprsend)
                  0001535e    0000006e     driver.obj (.text:_SlRemoveFromList)
                  000153cc    0000006e     rts430x.lib : _printfi.obj (.text:_pconv_f)
                  0001543a    0000006e     netapp.obj (.text:_sl_HandleAsync_DnsGetHostByName)
                  000154a8    0000006a     driver.obj (.text:_SlAsyncEventGenericHandler)
                  00015512    00000068     socket.obj (.text:_sl_HandleAsync_Connect)
                  0001557a    00000064     http_lib.lib : ssock.obj (.text:Ssock_destruct)
                  000155de    00000062     netcfg.obj (.text:sl_NetCfgSet)
                  00015640    0000005e     driver.obj (.text:_SlDrvCmdSend)
                  0001569e    0000005e     main.obj (.text:establishConnectionWithAP)
                  000156fc    0000005c     main.obj (.text:SimpleLinkWlanEventHandler)
                  00015758    0000005c     rts430x.lib : autoinit.obj (.text:_auto_init_hold_wdt)
                  000157b4    0000005a                 : mult64_f5hw.obj (.text:__mpyll)
                  0001580e    0000005a     netapp.obj (.text:_sl_NetAppSendTokenValue)
                  00015868    00000058     spi.obj (.text:SetupDMAReceive)
                  000158c0    00000058     spi.obj (.text:SetupDMASend)
                  00015918    00000058     http_lib.lib : httpcli.obj (.text:lookUpResponseFields)
                  00015970    00000058     rts430x.lib : div32u.obj (.text)
                  000159c8    00000056     socket.obj (.text:_sl_HandleAsync_Accept)
                  00015a1e    00000054     rts430x.lib : atoi.obj (.text:atoi)
                  00015a72    00000054     wlan.obj (.text:sl_WlanSet)
                  00015ac6    00000054     rts430x.lib : vsnprintf.obj (.text:vsnprintf)
                  00015b1a    00000052     http_lib.lib : httpcli.obj (.text:HTTPCli_construct)
                  00015b6c    00000052                  : httpcli.obj (.text:HTTPCli_destruct)
                  00015bbe    00000052     socket.obj (.text:sl_SetSockOpt)
                  00015c10    00000050     http_lib.lib : ssock.obj (.text:Ssock_construct)
                  00015c60    00000050     socket.obj (.text:sl_Recv)
                  00015cb0    00000050     http_lib.lib : httpcli.obj (.text:stringCompare)
                  00015d00    0000004c                  : httpcli.obj (.text:HTTPCli_readRawResponseBody)
                  00015d4c    0000004c     wlan.obj (.text:sl_WlanPolicySet)
                  00015d98    0000004a     nonos.obj (.text:_SlNonOsMainLoopTask)
                  00015de2    0000004a     rts430x.lib : fs_cmp.obj (.text)
                  00015e2c    0000004a                 : fs_ltof.obj (.text)
                  00015e76    00000048                 : _printfi.obj (.text:_fcpy)
                  00015ebe    00000046                 : fs_tou.obj (.text)
                  00015f04    00000044                 : _printfi.obj (.text:_pproc_fflags)
                  00015f48    00000044     wlan.obj (.text:sl_WlanRxFilterSet)
                  00015f8c    00000044     spi.obj (.text:spi_Write)
                  00015fd0    00000042     socket.obj (.text:_sl_BuildAddress)
                  00016012    00000042     socket.obj (.text:_sl_HandleAsync_Select)
                  00016054    00000042     device.obj (.text:_sl_HandleAsync_Stop)
                  00016096    00000042     http_lib.lib : httpcli.obj (.text:skipLine)
                  000160d8    00000040     board.obj (.text:SetVCore)
                  00016118    00000040     main.obj (.text:SimpleLinkSockEventHandler)
                  00016158    00000040     rts430x.lib : div32s.obj (.text)
                  00016198    00000040     socket.obj (.text:sl_Htonl)
                  000161d8    0000003e     http_lib.lib : httpcli.obj (.text:HTTPCli_sendRequestBody)
                  00016216    0000003e     nonos.obj (.text:_SlNonOsSpawn)
                  00016254    0000003a     http_lib.lib : httpcli.obj (.text:HTTPCli_disconnect)
                  0001628e    0000003a     rts430x.lib : lsl64.obj (.text:__lslll)
                  000162c8    0000003a                 : lsr64.obj (.text:__lsrll)
                  00016302    00000038     netapp.obj (.text:CopyPingResultsToReport)
                  0001633a    00000038     http_lib.lib : httpcli.obj (.text:HTTPCli_setRequestFields)
                  00016372    00000038     rts430x.lib : xfdclass.obj (.text:_FDclass)
                  000163aa    00000038                 : memory.obj (.text:minit)
                  000163e2    00000038                 : sprintf.obj (.text:sprintf)
                  0001641a    00000036     http_lib.lib : httpcli.obj (.text:HTTPCli_setResponseFields)
                  00016450    00000036     board.obj (.text:Init_FLL_Settle)
                  00016486    00000036     board.obj (.text:LFXT_Start)
                  000164bc    00000034     cli_uart.obj (.text:CLI_Configure)
                  000164f0    00000034     driver.obj (.text:_SlDrvBasicCmd)
                  00016524    00000034     driver.obj (.text:_SlDrvRxIrqHandler)
                  00016558    00000034     nonos.obj (.text:_SlNonOsSemGet)
                  0001658c    00000034     socket.obj (.text:sl_Socket)
                  000165c0    00000032     rts430x.lib : vsnprintf.obj (.text:_outs)
                  000165f2    00000030     board.obj (.text:initClk)
                  00016622    0000002e     driver.obj (.text:_SlDrvProtectAsyncRespSetting)
                  00016650    0000002e     rts430x.lib : exit.obj (.text:exit)
                  0001667e    0000002c     cli_uart.obj (.text:CLI_Write)
                  000166aa    0000002c     main.obj (.text:initializeAppVariables)
                  000166d6    0000002c     jsmn.obj (.text:jsmn_alloc_token)
                  00016702    0000002a     main.obj (.text:SimpleLinkNetAppEventHandler)
                  0001672c    0000002a     http_lib.lib : httpcli.obj (.text:setCliState)
                  00016756    00000028     socket.obj (.text:sl_Htons)
                  0001677e    00000026     rts430x.lib : strncmp.obj (.text:strncmp)
                  000167a4    00000024     netapp.obj (.text:sl_NetAppMDNSUnRegisterService)
                  000167c8    00000022     http_lib.lib : httpcli.obj (.text:HTTPCli_getResponseStatus)
                  000167ea    00000022     main.obj (.text:displayBanner)
                  0001680c    00000022     rts430x.lib : mult32_f5hw.obj (.text)
                  0001682e    00000022     http_lib.lib : httpcli.obj (.text:toLowerCase)
                  00016850    00000020     board.obj (.text:Delay)
                  00016870    00000020     socket.obj (.text:sl_Close)
                  00016890    00000020     wlan.obj (.text:sl_WlanProfileDel)
                  000168b0    00000020     wlan.obj (.text:sl_WlanSetMode)
                  000168d0    0000001e     driver.obj (.text:_SlDrvProtectionObjLockWaitForever)
                  000168ee    0000001e     rts430x.lib : vsnprintf.obj (.text:_outc)
                  0001690c    0000001c     http_lib.lib : httpcli.obj (.text:getCliState)
                  00016928    0000001c                  : httpcli.obj (.text:isValidSocket)
                  00016944    0000001c     rts430x.lib : memccpy.obj (.text:memccpy)
                  00016960    0000001a     socket.obj (.text:_sl_TruncatePayloadByProtocol)
                  0001697a    0000001a     http_lib.lib : httpcli.obj (.text:xvsnprintf)
                  00016994    00000018     driver.obj (.text:_SlDrvProtectionObjUnLock)
                  000169ac    00000018     rts430x.lib : sprintf.obj (.text:_outs)
                  000169c4    00000018                 : strcmp.obj (.text:strcmp)
                  000169dc    00000016     driver.obj (.text:_SlDrvObjLockWaitForever)
                  000169f2    00000016     driver.obj (.text:_SlDrvSyncObjWaitForever)
                  00016a08    00000016     rts430x.lib : div16u.obj (.text)
                  00016a1e    00000016                 : mult16_f5hw.obj (.text)
                  00016a34    00000014                 : memset.obj (.text:memset)
                  00016a48    00000012                 : sprintf.obj (.text:_outc)
                  00016a5a    00000012     jsmn.obj (.text:jsmn_fill_token)
                  00016a6c    00000012     rts430x.lib : memcpy.obj (.text:memcpy)
                  00016a7e    00000012     http_lib.lib : httpcli.obj (.text:xassert)
                  00016a90    00000010     driver.obj (.text:_SlDrvObjUnLock)
                  00016aa0    00000010     driver.obj (.text:_SlDrvSyncObjSignal)
                  00016ab0    00000010     rts430x.lib : lsr32.obj (.text:l_lsr)
                  00016ac0    00000010                 : strcpy.obj (.text:strcpy)
                  00016ad0    0000000e     jsmn.obj (.text:jsmn_init)
                  00016ade    0000000e     rts430x.lib : strlen.obj (.text:strlen)
                  00016aec    0000000e     http_lib.lib : ssock.obj (.text:xfree)
                  00016afa    0000000e                  : ssock.obj (.text:xmalloc)
                  00016b08    0000000c                  : ssock.obj (.text:Ssock_getSocket)
                  00016b14    0000000c     device.obj (.text:_sl_GetStartResponseConvert)
                  00016b20    0000000c     rts430x.lib : toupper.obj (.text:toupper)
                  00016b2c    0000000a     board.obj (.text:CC3100_InterruptEnable)
                  00016b36    0000000a     main.obj (.text:SimpleLinkGeneralEventHandler)
                  00016b40    0000000a     main.obj (.text:SimpleLinkHttpServerCallback)
                  00016b4a    0000000a     driver.obj (.text:_SlDrvMemZero)
                  00016b54    0000000a     driver.obj (.text:_SlDrvResetCmdExt)
                  00016b5e    0000000a     rts430x.lib : abs.obj (.text:abs)
                  00016b68    0000000a                 : fs_neg.obj (.text)
                  00016b72    0000000a                 : lsl16.obj (.text)
                  00016b7c    0000000a     wlan.obj (.text:sl_WlanDisconnect)
                  00016b86    00000008     board.obj (.text:CC3100_disable)
                  00016b8e    00000008     board.obj (.text:CC3100_enable)
                  00016b96    00000008     nonos.obj (.text:_SlNonOsSemSet)
                  00016b9e    00000008     board.obj (.text:registerInterruptHandler)
                  00016ba6    00000008     spi.obj (.text:spi_Close)
                  00016bae    00000008     board.obj (.text:stopWDT)
                  00016bb6    00000006     board.obj (.text:CC3100_InterruptDisable)
                  00016bbc    00000006     board.obj (.text:disable_button_s1_irq)
                  00016bc2    00000004     rts430x.lib : pre_init.obj (.text:_system_pre_init)
                  00016bc6    00000004                 : exit.obj (.text:abort)
                  00016bca    00000002                 : _lock.obj (.text:_nop)


GLOBAL SYMBOLS: SORTED ALPHABETICALLY BY Name 

address    name
--------   ----
00002400   .bss
00002400   .data
ffffffff   .text
00000700   ADC12CTL0
00000701   ADC12CTL0_H
00000700   ADC12CTL0_L
00000702   ADC12CTL1
00000703   ADC12CTL1_H
00000702   ADC12CTL1_L
00000704   ADC12CTL2
00000705   ADC12CTL2_H
00000704   ADC12CTL2_L
0000070c   ADC12IE
0000070d   ADC12IE_H
0000070c   ADC12IE_L
0000070a   ADC12IFG
0000070b   ADC12IFG_H
0000070a   ADC12IFG_L
0000070e   ADC12IV
0000070f   ADC12IV_H
0000070e   ADC12IV_L
00000710   ADC12MCTL0
00000711   ADC12MCTL1
0000071a   ADC12MCTL10
0000071b   ADC12MCTL11
0000071c   ADC12MCTL12
0000071d   ADC12MCTL13
0000071e   ADC12MCTL14
0000071f   ADC12MCTL15
00000712   ADC12MCTL2
00000713   ADC12MCTL3
00000714   ADC12MCTL4
00000715   ADC12MCTL5
00000716   ADC12MCTL6
00000717   ADC12MCTL7
00000718   ADC12MCTL8
00000719   ADC12MCTL9
00000720   ADC12MEM0
00000721   ADC12MEM0_H
00000720   ADC12MEM0_L
00000722   ADC12MEM1
00000734   ADC12MEM10
00000735   ADC12MEM10_H
00000734   ADC12MEM10_L
00000736   ADC12MEM11
00000737   ADC12MEM11_H
00000736   ADC12MEM11_L
00000738   ADC12MEM12
00000739   ADC12MEM12_H
00000738   ADC12MEM12_L
0000073a   ADC12MEM13
0000073b   ADC12MEM13_H
0000073a   ADC12MEM13_L
0000073c   ADC12MEM14
0000073d   ADC12MEM14_H
0000073c   ADC12MEM14_L
0000073e   ADC12MEM15
0000073f   ADC12MEM15_H
0000073e   ADC12MEM15_L
00000723   ADC12MEM1_H
00000722   ADC12MEM1_L
00000724   ADC12MEM2
00000725   ADC12MEM2_H
00000724   ADC12MEM2_L
00000726   ADC12MEM3
00000727   ADC12MEM3_H
00000726   ADC12MEM3_L
00000728   ADC12MEM4
00000729   ADC12MEM4_H
00000728   ADC12MEM4_L
0000072a   ADC12MEM5
0000072b   ADC12MEM5_H
0000072a   ADC12MEM5_L
0000072c   ADC12MEM6
0000072d   ADC12MEM6_H
0000072c   ADC12MEM6_L
0000072e   ADC12MEM7
0000072f   ADC12MEM7_H
0000072e   ADC12MEM7_L
00000730   ADC12MEM8
00000731   ADC12MEM8_H
00000730   ADC12MEM8_L
00000732   ADC12MEM9
00000733   ADC12MEM9_H
00000732   ADC12MEM9_L
00016bc6   C$$EXIT
000008c0   CBCTL0
000008c1   CBCTL0_H
000008c0   CBCTL0_L
000008c2   CBCTL1
000008c3   CBCTL1_H
000008c2   CBCTL1_L
000008c4   CBCTL2
000008c5   CBCTL2_H
000008c4   CBCTL2_L
000008c6   CBCTL3
000008c7   CBCTL3_H
000008c6   CBCTL3_L
000008cc   CBINT
000008cd   CBINT_H
000008cc   CBINT_L
000008ce   CBIV
00016bb6   CC3100_InterruptDisable
00016b2c   CC3100_InterruptEnable
000044a0   CC3100_UART_ISR
00016b86   CC3100_disable
00016b8e   CC3100_enable
000164bc   CLI_Configure
0001667e   CLI_Write
00000150   CRCDI
00000152   CRCDIRB
00000153   CRCDIRB_H
00000152   CRCDIRB_L
00000151   CRCDI_H
00000150   CRCDI_L
00000154   CRCINIRES
00000155   CRCINIRES_H
00000154   CRCINIRES_L
00000156   CRCRESR
00000157   CRCRESR_H
00000156   CRCRESR_L
00016302   CopyPingResultsToReport
00000510   DMA0CTL
00000511   DMA0CTL_H
00000510   DMA0CTL_L
00000516   DMA0DA
00000518   DMA0DAH
00000516   DMA0DAL
00000512   DMA0SA
00000514   DMA0SAH
00000512   DMA0SAL
0000051a   DMA0SZ
00000520   DMA1CTL
00000521   DMA1CTL_H
00000520   DMA1CTL_L
00000526   DMA1DA
00000528   DMA1DAH
00000526   DMA1DAL
00000522   DMA1SA
00000524   DMA1SAH
00000522   DMA1SAL
0000052a   DMA1SZ
00000530   DMA2CTL
00000531   DMA2CTL_H
00000530   DMA2CTL_L
00000536   DMA2DA
00000538   DMA2DAH
00000536   DMA2DAL
00000532   DMA2SA
00000534   DMA2SAH
00000532   DMA2SAL
0000053a   DMA2SZ
00000500   DMACTL0
00000501   DMACTL0_H
00000500   DMACTL0_L
00000502   DMACTL1
00000503   DMACTL1_H
00000502   DMACTL1_L
00000504   DMACTL2
00000505   DMACTL2_H
00000504   DMACTL2_L
00000506   DMACTL3
00000507   DMACTL3_H
00000506   DMACTL3_L
00000508   DMACTL4
00000509   DMACTL4_H
00000508   DMACTL4_L
0000050e   DMAIV
0000050f   DMAIV_H
0000050e   DMAIV_L
00016850   Delay
00000140   FCTL1
00000141   FCTL1_H
00000140   FCTL1_L
00000144   FCTL3
00000145   FCTL3_H
00000144   FCTL3_L
00000146   FCTL4
00000147   FCTL4_H
00000146   FCTL4_L
00011f98   HTTPCli_connect
00015b1a   HTTPCli_construct
00015b6c   HTTPCli_destruct
00016254   HTTPCli_disconnect
0001158a   HTTPCli_getResponseField
000167c8   HTTPCli_getResponseStatus
00015d00   HTTPCli_readRawResponseBody
00013b98   HTTPCli_readResponseBody
0001519a   HTTPCli_sendField
00013164   HTTPCli_sendRequest
000161d8   HTTPCli_sendRequestBody
0001633a   HTTPCli_setRequestFields
0001641a   HTTPCli_setResponseFields
00016b72   I_LSL
0001381a   Init_FLL
00016450   Init_FLL_Settle
00002bc8   IntIsMasked
0000446e   IntSpiGPIOHandler
00016486   LFXT_Start
00016ab0   L_LSR
000004c4   MAC
000004da   MAC32H
000004db   MAC32H_H
000004da   MAC32H_L
000004d8   MAC32L
000004d9   MAC32L_H
000004d8   MAC32L_L
000004c6   MACS
000004de   MACS32H
000004df   MACS32H_H
000004de   MACS32H_L
000004dc   MACS32L
000004dd   MACS32L_H
000004dc   MACS32L_L
000004c7   MACS_H
000004c6   MACS_L
000004c5   MAC_H
000004c4   MAC_L
000004c0   MPY
000004ec   MPY32CTL0
000004ed   MPY32CTL0_H
000004ec   MPY32CTL0_L
000004d2   MPY32H
000004d3   MPY32H_H
000004d2   MPY32H_L
000004d0   MPY32L
000004d1   MPY32L_H
000004d0   MPY32L_L
000004c2   MPYS
000004d6   MPYS32H
000004d7   MPYS32H_H
000004d6   MPYS32H_L
000004d4   MPYS32L
000004d5   MPYS32L_H
000004d4   MPYS32L_L
000004c3   MPYS_H
000004c2   MPYS_L
000004c1   MPY_H
000004c0   MPY_L
000004c8   OP2
000004e2   OP2H
000004e3   OP2H_H
000004e2   OP2H_L
000004e0   OP2L
000004e1   OP2L_H
000004e0   OP2L_L
000004c9   OP2_H
000004c8   OP2_L
00004e50   OpcodeTranslateTable
0000020e   P1IV
0000021e   P2IV
000001e0   P4MAP01
000001e1   P4MAP01_H
000001e0   P4MAP01_L
000001e2   P4MAP23
000001e3   P4MAP23_H
000001e2   P4MAP23_L
000001e4   P4MAP45
000001e5   P4MAP45_H
000001e4   P4MAP45_L
000001e6   P4MAP67
000001e7   P4MAP67_H
000001e6   P4MAP67_L
00000204   PADIR
00000205   PADIR_H
00000204   PADIR_L
00000208   PADS
00000209   PADS_H
00000208   PADS_L
0000021a   PAIE
00000218   PAIES
00000219   PAIES_H
00000218   PAIES_L
0000021b   PAIE_H
0000021a   PAIE_L
0000021c   PAIFG
0000021d   PAIFG_H
0000021c   PAIFG_L
00000200   PAIN
00000201   PAIN_H
00000200   PAIN_L
00000202   PAOUT
00000203   PAOUT_H
00000202   PAOUT_L
00000206   PAREN
00000207   PAREN_H
00000206   PAREN_L
0000020a   PASEL
0000020b   PASEL_H
0000020a   PASEL_L
00000224   PBDIR
00000225   PBDIR_H
00000224   PBDIR_L
00000228   PBDS
00000229   PBDS_H
00000228   PBDS_L
00000220   PBIN
00000221   PBIN_H
00000220   PBIN_L
00000222   PBOUT
00000223   PBOUT_H
00000222   PBOUT_L
00000226   PBREN
00000227   PBREN_H
00000226   PBREN_L
0000022a   PBSEL
0000022b   PBSEL_H
0000022a   PBSEL_L
00000244   PCDIR
00000245   PCDIR_H
00000244   PCDIR_L
00000248   PCDS
00000249   PCDS_H
00000248   PCDS_L
00000240   PCIN
00000241   PCIN_H
00000240   PCIN_L
00000242   PCOUT
00000243   PCOUT_H
00000242   PCOUT_L
00000246   PCREN
00000247   PCREN_H
00000246   PCREN_L
0000024a   PCSEL
0000024b   PCSEL_H
0000024a   PCSEL_L
00000264   PDDIR
00000265   PDDIR_H
00000264   PDDIR_L
00000268   PDDS
00000269   PDDS_H
00000268   PDDS_L
00000260   PDIN
00000261   PDIN_H
00000260   PDIN_L
00000262   PDOUT
00000263   PDOUT_H
00000262   PDOUT_L
00000266   PDREN
00000267   PDREN_H
00000266   PDREN_L
0000026a   PDSEL
0000026b   PDSEL_H
0000026a   PDSEL_L
00000324   PJDIR
00000325   PJDIR_H
00000324   PJDIR_L
00000328   PJDS
00000329   PJDS_H
00000328   PJDS_L
00000320   PJIN
00000321   PJIN_H
00000320   PJIN_L
00000322   PJOUT
00000323   PJOUT_H
00000322   PJOUT_L
00000326   PJREN
00000327   PJREN_H
00000326   PJREN_L
00000130   PM5CTL0
00000131   PM5CTL0_H
00000130   PM5CTL0_L
000001c2   PMAPCTL
000001c3   PMAPCTL_H
000001c2   PMAPCTL_L
000001c0   PMAPKEYID
000001c1   PMAPKEYID_H
000001c0   PMAPKEYID_L
00000120   PMMCTL0
00000121   PMMCTL0_H
00000120   PMMCTL0_L
00000122   PMMCTL1
00000123   PMMCTL1_H
00000122   PMMCTL1_L
0000012c   PMMIFG
0000012d   PMMIFG_H
0000012c   PMMIFG_L
0000012e   PMMRIE
0000012f   PMMRIE_H
0000012e   PMMRIE_L
000044aa   Port1_ISR
00000158   RCCTL0
00000159   RCCTL0_H
00000158   RCCTL0_L
000001b0   REFCTL0
000001b1   REFCTL0_H
000001b0   REFCTL0_L
000004e4   RES0
000004e5   RES0_H
000004e4   RES0_L
000004e6   RES1
000004e7   RES1_H
000004e6   RES1_L
000004e8   RES2
000004e9   RES2_H
000004e8   RES2_L
000004ea   RES3
000004eb   RES3_H
000004ea   RES3_L
000004cc   RESHI
000004cd   RESHI_H
000004cc   RESHI_L
000004ca   RESLO
000004cb   RESLO_H
000004ca   RESLO_L
000004ba   RTCADOWDAY
000004bb   RTCADOWDAY_H
000004ba   RTCADOWDAY_L
000004b8   RTCAMINHR
000004b9   RTCAMINHR_H
000004b8   RTCAMINHR_L
000004a0   RTCCTL01
000004a1   RTCCTL01_H
000004a0   RTCCTL01_L
000004a2   RTCCTL23
000004a3   RTCCTL23_H
000004a2   RTCCTL23_L
000004b4   RTCDATE
000004b5   RTCDATE_H
000004b4   RTCDATE_L
000004ae   RTCIV
000004ac   RTCPS
000004a8   RTCPS0CTL
000004a9   RTCPS0CTL_H
000004a8   RTCPS0CTL_L
000004aa   RTCPS1CTL
000004ab   RTCPS1CTL_H
000004aa   RTCPS1CTL_L
000004ad   RTCPS_H
000004ac   RTCPS_L
000004b0   RTCTIM0
000004b1   RTCTIM0_H
000004b0   RTCTIM0_L
000004b2   RTCTIM1
000004b3   RTCTIM1_H
000004b2   RTCTIM1_L
000004b6   RTCYEAR
000004b7   RTCYEAR_H
000004b6   RTCYEAR_L
00002af2   RxIrqCnt
00004f68   RxMsgClassLUT
00000100   SFRIE1
00000101   SFRIE1_H
00000100   SFRIE1_L
00000102   SFRIFG1
00000103   SFRIFG1_H
00000102   SFRIFG1_L
00000104   SFRRPCR
00000105   SFRRPCR_H
00000104   SFRRPCR_L
000004ce   SUMEXT
000004cf   SUMEXT_H
000004ce   SUMEXT_L
00000124   SVSMHCTL
00000125   SVSMHCTL_H
00000124   SVSMHCTL_L
00000128   SVSMIO
00000129   SVSMIO_H
00000128   SVSMIO_L
00000126   SVSMLCTL
00000127   SVSMLCTL_H
00000126   SVSMLCTL_L
00000198   SYSBERRIV
00000199   SYSBERRIV_H
00000198   SYSBERRIV_L
00000182   SYSBSLC
00000183   SYSBSLC_H
00000182   SYSBSLC_L
00000180   SYSCTL
00000181   SYSCTL_H
00000180   SYSCTL_L
00000186   SYSJMBC
00000187   SYSJMBC_H
00000186   SYSJMBC_L
00000188   SYSJMBI0
00000189   SYSJMBI0_H
00000188   SYSJMBI0_L
0000018a   SYSJMBI1
0000018b   SYSJMBI1_H
0000018a   SYSJMBI1_L
0000018c   SYSJMBO0
0000018d   SYSJMBO0_H
0000018c   SYSJMBO0_L
0000018e   SYSJMBO1
0000018f   SYSJMBO1_H
0000018e   SYSJMBO1_L
0000019e   SYSRSTIV
0000019f   SYSRSTIV_H
0000019e   SYSRSTIV_L
0000019c   SYSSNIV
0000019d   SYSSNIV_H
0000019c   SYSSNIV_L
0000019a   SYSUNIV
0000019b   SYSUNIV_H
0000019a   SYSUNIV_L
000160d8   SetVCore
00015868   SetupDMAReceive
000158c0   SetupDMASend
00016b36   SimpleLinkGeneralEventHandler
00016b40   SimpleLinkHttpServerCallback
00016702   SimpleLinkNetAppEventHandler
00016118   SimpleLinkSockEventHandler
000156fc   SimpleLinkWlanEventHandler
00015c10   Ssock_construct
0001557a   Ssock_destruct
00016b08   Ssock_getSocket
00014d3e   Ssock_recv
00011ac4   Ssock_send
00004fe8   StartResponseLUT
00000352   TA0CCR0
00000354   TA0CCR1
00000356   TA0CCR2
00000358   TA0CCR3
0000035a   TA0CCR4
00000342   TA0CCTL0
00000344   TA0CCTL1
00000346   TA0CCTL2
00000348   TA0CCTL3
0000034a   TA0CCTL4
00000340   TA0CTL
00000360   TA0EX0
0000036e   TA0IV
00000350   TA0R
00000392   TA1CCR0
00000394   TA1CCR1
00000396   TA1CCR2
00000382   TA1CCTL0
00000384   TA1CCTL1
00000386   TA1CCTL2
00000380   TA1CTL
000003a0   TA1EX0
000003ae   TA1IV
00000390   TA1R
00000412   TA2CCR0
00000414   TA2CCR1
00000416   TA2CCR2
00000402   TA2CCTL0
00000404   TA2CCTL1
00000406   TA2CCTL2
00000400   TA2CTL
00000420   TA2EX0
0000042e   TA2IV
00000410   TA2R
000003d2   TB0CCR0
000003d4   TB0CCR1
000003d6   TB0CCR2
000003d8   TB0CCR3
000003da   TB0CCR4
000003dc   TB0CCR5
000003de   TB0CCR6
000003c2   TB0CCTL0
000003c4   TB0CCTL1
000003c6   TB0CCTL2
000003c8   TB0CCTL3
000003ca   TB0CCTL4
000003cc   TB0CCTL5
000003ce   TB0CCTL6
000003c0   TB0CTL
000003e0   TB0EX0
000003ee   TB0IV
000003d0   TB0R
000044b4   TIMER_A2_ISR
000044c4   Trap_ISR
00004438   UART_ISR
000005d0   UCA0ABCTL
000005c6   UCA0BRW
000005c7   UCA0BRW_H
000005c6   UCA0BRW_L
000005c0   UCA0CTLW0
000005c1   UCA0CTLW0_H
000005c0   UCA0CTLW0_L
000005dc   UCA0ICTL
000005dd   UCA0ICTL_H
000005dc   UCA0ICTL_L
000005d2   UCA0IRCTL
000005d3   UCA0IRCTL_H
000005d2   UCA0IRCTL_L
000005de   UCA0IV
000005c8   UCA0MCTL
000005cc   UCA0RXBUF
000005ca   UCA0STAT
000005ce   UCA0TXBUF
00000610   UCA1ABCTL
00000606   UCA1BRW
00000607   UCA1BRW_H
00000606   UCA1BRW_L
00000600   UCA1CTLW0
00000601   UCA1CTLW0_H
00000600   UCA1CTLW0_L
0000061c   UCA1ICTL
0000061d   UCA1ICTL_H
0000061c   UCA1ICTL_L
00000612   UCA1IRCTL
00000613   UCA1IRCTL_H
00000612   UCA1IRCTL_L
0000061e   UCA1IV
00000608   UCA1MCTL
0000060c   UCA1RXBUF
0000060a   UCA1STAT
0000060e   UCA1TXBUF
000005e6   UCB0BRW
000005e7   UCB0BRW_H
000005e6   UCB0BRW_L
000005e0   UCB0CTLW0
000005e1   UCB0CTLW0_H
000005e0   UCB0CTLW0_L
000005f0   UCB0I2COA
000005f1   UCB0I2COA_H
000005f0   UCB0I2COA_L
000005f2   UCB0I2CSA
000005f3   UCB0I2CSA_H
000005f2   UCB0I2CSA_L
000005fc   UCB0ICTL
000005fd   UCB0ICTL_H
000005fc   UCB0ICTL_L
000005fe   UCB0IV
000005ec   UCB0RXBUF
000005ea   UCB0STAT
000005ee   UCB0TXBUF
00000626   UCB1BRW
00000627   UCB1BRW_H
00000626   UCB1BRW_L
00000620   UCB1CTLW0
00000621   UCB1CTLW0_H
00000620   UCB1CTLW0_L
00000630   UCB1I2COA
00000631   UCB1I2COA_H
00000630   UCB1I2COA_L
00000632   UCB1I2CSA
00000633   UCB1I2CSA_H
00000632   UCB1I2CSA_L
0000063c   UCB1ICTL
0000063d   UCB1ICTL_H
0000063c   UCB1ICTL_L
0000063e   UCB1IV
0000062c   UCB1RXBUF
0000062a   UCB1STAT
0000062e   UCB1TXBUF
00000160   UCSCTL0
00000161   UCSCTL0_H
00000160   UCSCTL0_L
00000162   UCSCTL1
00000163   UCSCTL1_H
00000162   UCSCTL1_L
00000164   UCSCTL2
00000165   UCSCTL2_H
00000164   UCSCTL2_L
00000166   UCSCTL3
00000167   UCSCTL3_H
00000166   UCSCTL3_L
00000168   UCSCTL4
00000169   UCSCTL4_H
00000168   UCSCTL4_L
0000016a   UCSCTL5
0000016b   UCSCTL5_H
0000016a   UCSCTL5_L
0000016c   UCSCTL6
0000016d   UCSCTL6_H
0000016c   UCSCTL6_L
0000016e   UCSCTL7
0000016f   UCSCTL7_H
0000016e   UCSCTL7_L
00000170   UCSCTL8
00000171   UCSCTL8_H
00000170   UCSCTL8_L
00000902   USBCNF
00000903   USBCNF_H
00000902   USBCNF_L
0000093c   USBCTL
0000093a   USBFN
0000093b   USBFN_H
0000093a   USBFN_L
0000093f   USBFUNADR
0000093d   USBIE
00002378   USBIEP0BUF
000023c9   USBIEPBBAX_1
000023d1   USBIEPBBAX_2
000023d9   USBIEPBBAX_3
000023e1   USBIEPBBAX_4
000023e9   USBIEPBBAX_5
000023f1   USBIEPBBAX_6
000023f9   USBIEPBBAX_7
000023cd   USBIEPBBAY_1
000023d5   USBIEPBBAY_2
000023dd   USBIEPBBAY_3
000023e5   USBIEPBBAY_4
000023ed   USBIEPBBAY_5
000023f5   USBIEPBBAY_6
000023fd   USBIEPBBAY_7
000023ca   USBIEPBCTX_1
000023d2   USBIEPBCTX_2
000023da   USBIEPBCTX_3
000023e2   USBIEPBCTX_4
000023ea   USBIEPBCTX_5
000023f2   USBIEPBCTX_6
000023fa   USBIEPBCTX_7
000023ce   USBIEPBCTY_1
000023d6   USBIEPBCTY_2
000023de   USBIEPBCTY_3
000023e6   USBIEPBCTY_4
000023ee   USBIEPBCTY_5
000023f6   USBIEPBCTY_6
000023fe   USBIEPBCTY_7
00000920   USBIEPCNF_0
000023c8   USBIEPCNF_1
000023d0   USBIEPCNF_2
000023d8   USBIEPCNF_3
000023e0   USBIEPCNF_4
000023e8   USBIEPCNF_5
000023f0   USBIEPCNF_6
000023f8   USBIEPCNF_7
00000921   USBIEPCNT_0
0000092e   USBIEPIE
00000930   USBIEPIFG
000023cf   USBIEPSIZXY_1
000023d7   USBIEPSIZXY_2
000023df   USBIEPSIZXY_3
000023e7   USBIEPSIZXY_4
000023ef   USBIEPSIZXY_5
000023f7   USBIEPSIZXY_6
000023ff   USBIEPSIZXY_7
0000093e   USBIFG
00000900   USBKEYID
00000901   USBKEYID_H
00000900   USBKEYID_L
00000936   USBMAINT
00000937   USBMAINT_H
00000936   USBMAINT_L
00002370   USBOEP0BUF
00002389   USBOEPBBAX_1
00002391   USBOEPBBAX_2
00002399   USBOEPBBAX_3
000023a1   USBOEPBBAX_4
000023a9   USBOEPBBAX_5
000023b1   USBOEPBBAX_6
000023b9   USBOEPBBAX_7
0000238d   USBOEPBBAY_1
00002395   USBOEPBBAY_2
0000239d   USBOEPBBAY_3
000023a5   USBOEPBBAY_4
000023ad   USBOEPBBAY_5
000023b5   USBOEPBBAY_6
000023bd   USBOEPBBAY_7
0000238a   USBOEPBCTX_1
00002392   USBOEPBCTX_2
0000239a   USBOEPBCTX_3
000023a2   USBOEPBCTX_4
000023aa   USBOEPBCTX_5
000023b2   USBOEPBCTX_6
000023ba   USBOEPBCTX_7
0000238e   USBOEPBCTY_1
00002396   USBOEPBCTY_2
0000239e   USBOEPBCTY_3
000023a6   USBOEPBCTY_4
000023ae   USBOEPBCTY_5
000023b6   USBOEPBCTY_6
000023be   USBOEPBCTY_7
00000922   USBOEPCNF_0
00002388   USBOEPCNF_1
00002390   USBOEPCNF_2
00002398   USBOEPCNF_3
000023a0   USBOEPCNF_4
000023a8   USBOEPCNF_5
000023b0   USBOEPCNF_6
000023b8   USBOEPCNF_7
00000923   USBOEPCNT_0
0000092f   USBOEPIE
00000931   USBOEPIFG
0000238f   USBOEPSIZXY_1
00002397   USBOEPSIZXY_2
0000239f   USBOEPSIZXY_3
000023a7   USBOEPSIZXY_4
000023af   USBOEPSIZXY_5
000023b7   USBOEPSIZXY_6
000023bf   USBOEPSIZXY_7
00000904   USBPHYCTL
00000905   USBPHYCTL_H
00000904   USBPHYCTL_L
00000910   USBPLLCTL
00000911   USBPLLCTL_H
00000910   USBPLLCTL_L
00000912   USBPLLDIVB
00000913   USBPLLDIVB_H
00000912   USBPLLDIVB_L
00000914   USBPLLIR
00000915   USBPLLIR_H
00000914   USBPLLIR_L
00000908   USBPWRCTL
00000909   USBPWRCTL_H
00000908   USBPWRCTL_L
00001c00   USBSTABUFF
00002380   USBSUBLK
0000236f   USBTOPBUFF
00000938   USBTSREG
00000939   USBTSREG_H
00000938   USBTSREG_L
00000932   USBVECINT
00000933   USBVECINT_H
00000932   USBVECINT_L
0000015c   WDTCTL
0000015d   WDTCTL_H
0000015c   WDTCTL_L
00002bea   _Errno
00016372   _FDclass
00004ed8   _SlAcceptCmdCtrl
00004e8c   _SlActionLookupTable
000154a8   _SlAsyncEventGenericHandler
00004f94   _SlDeviceGetCmdCtrl
00004f98   _SlDeviceSetCmdCtrl
000164f0   _SlDrvBasicCmd
000150b0   _SlDrvClassifyRxMsg
000148de   _SlDrvCmdOp
00015640   _SlDrvCmdSend
00013260   _SlDrvDataReadOp
00013642   _SlDrvDataWriteOp
0001527e   _SlDrvDeviceEventHandler
0001406a   _SlDrvDriverCBDeinit
00012a56   _SlDrvDriverCBInit
00016b4a   _SlDrvMemZero
00010000   _SlDrvMsgRead
0001484a   _SlDrvMsgReadCmdCtx
0001520c   _SlDrvMsgReadSpawnCtx
00012914   _SlDrvMsgWrite
00013902   _SlDrvNetAppEventHandler
000169dc   _SlDrvObjLockWaitForever
00016a90   _SlDrvObjUnLock
00016622   _SlDrvProtectAsyncRespSetting
000168d0   _SlDrvProtectionObjLockWaitForever
00016994   _SlDrvProtectionObjUnLock
00012534   _SlDrvReleasePoolObj
00016b54   _SlDrvResetCmdExt
00011750   _SlDrvRxHdrRead
00016524   _SlDrvRxIrqHandler
00016aa0   _SlDrvSyncObjSignal
000169f2   _SlDrvSyncObjWaitForever
00012cd4   _SlDrvWaitForPoolObj
00004f90   _SlEventMaskGetCmdCtrl
00004f8c   _SlEventMaskSetCmdCtrl
000139e4   _SlFindAndSetActiveObj
00004f48   _SlFsCloseCmdCtrl
00004f58   _SlFsDeleteCmdCtrl
00004f54   _SlFsGetInfoCmdCtrl
00004f44   _SlFsOpenCmdCtrl
00004f4c   _SlFsReadCmdCtrl
00004f50   _SlFsWriteCmdCtrl
00004f0c   _SlGetHostByNameCtrl
00004f08   _SlGetHostByServiceCtrl
00004f00   _SlGetServiceListeCtrl
00004ee4   _SlGetSockOptCmdCtrl
00004ed4   _SlListenCmdCtrl
00004f18   _SlNetAppGetCmdCtrl
00004f14   _SlNetAppSendTokenValueCmdCtrl
00004f10   _SlNetAppSetCmdCtrl
00004ef8   _SlNetAppStartCtrl
00004efc   _SlNetAppStopCtrl
00004ff4   _SlNetCfgGetCmdCtrl
00004ff0   _SlNetCfgSetCmdCtrl
00015d98   _SlNonOsMainLoopTask
00016558   _SlNonOsSemGet
00016b96   _SlNonOsSemSet
00016216   _SlNonOsSpawn
00004fc0   _SlPayloadByProtocolLUT
00004cc8   _SlPolicyGetCmdCtrl
00004cc4   _SlPolicySetCmdCtrl
00004cd0   _SlProfileDelCmdCtrl
00004ccc   _SlProfileGetCmdCtrl
00004edc   _SlRecvCmdCtrl
00004ecc   _SlRecvfomCmdCtrl
00004f04   _SlRegisterServiceCtrl
0001535e   _SlRemoveFromList
00004cd8   _SlRxFilterAddtCmdCtrl
00004ce0   _SlRxFilterGetCmdCtrl
00004cdc   _SlRxFilterSetCmdCtrl
00004ee8   _SlSelectCmdCtrl
00004ed0   _SlSendCmdCtrl
00004ee0   _SlSetSockOptCmdCtrl
00004ce4   _SlSmartConfigStartCmdCtrl
00004ec8   _SlSockCloseCmdCtrl
00004ec4   _SlSockSocketCmdCtrl
00004f88   _SlStopCmdCtrl
00004cf0   _SlWlanCfgGetCmdCtrl
00004cec   _SlWlanCfgSetCmdCtrl
00004cd4   _SlWlanGetNetworkListCtrl
00004ce8   _SlWlanSetModeCmdCtrl
00004400   __STACK_END
000001f4   __STACK_SIZE
000001f4   __SYSMEM_SIZE
000044be   __TI_ISR_TRAP
00000001   __TI_args_main
00000001   __TI_auto_init
00002bd6   __TI_cleanup_ptr
00002bda   __TI_dtors_ptr
00000001   __TI_exit
0000ffd2   __TI_int41
0000ffd4   __TI_int42
0000ffd6   __TI_int43
0000ffd8   __TI_int44
0000ffda   __TI_int45
0000ffdc   __TI_int46
0000ffde   __TI_int47
0000ffe0   __TI_int48
0000ffe2   __TI_int49
0000ffe4   __TI_int50
0000ffe6   __TI_int51
0000ffe8   __TI_int52
0000ffea   __TI_int53
0000ffec   __TI_int54
0000ffee   __TI_int55
0000fff0   __TI_int56
0000fff2   __TI_int57
0000fff4   __TI_int58
0000fff6   __TI_int59
0000fff8   __TI_int60
0000fffa   __TI_int61
0000fffc   __TI_int62
000111e6   __TI_printfi
ffffffff   __binit__
00002400   __bss__
ffffffff   __c_args__
00004ff8   __cinit__
00002400   __data__
00016158   __divli
00016a08   __divu
00015970   __divul
000103f4   __divull
00002400   __edata__
00002bec   __end__
ffffffff   __etext__
00012e10   __fs_add
00015de2   __fs_cmp
00014a94   __fs_div
00015e2c   __fs_ltof
00014124   __fs_mpy
00016b68   __fs_neg
00012e0a   __fs_sub
00014ec2   __fs_tol
00015ebe   __fs_tou
0001628e   __lslll
000162c8   __lsrll
00016a1e   __mpyi_f5hw
0001680c   __mpyl_f5hw
000157b4   __mpyll_f5hw
ffffffff   __pinit__
00016158   __remli
00016a08   __remu
00015970   __remul
ffffffff   __text__
00015758   _auto_init_hold_wdt
00004400   _c_int00
00004400   _c_int00_noargs
00004bc2   _ctypes_
00002bce   _lock
00016bca   _nop
0000fffe   _reset_vector
00015fd0   _sl_BuildAddress
00016b14   _sl_GetStartResponseConvert
000159c8   _sl_HandleAsync_Accept
00015512   _sl_HandleAsync_Connect
0001543a   _sl_HandleAsync_DnsGetHostByName
00014c32   _sl_HandleAsync_DnsGetHostByService
00015038   _sl_HandleAsync_InitComplete
00015126   _sl_HandleAsync_PingResponse
00016012   _sl_HandleAsync_Select
00016054   _sl_HandleAsync_Stop
0001580e   _sl_NetAppSendTokenValue
00016960   _sl_TruncatePayloadByProtocol
0000420c   _stack
00002bec   _sys_memory
00016bc2   _system_pre_init
00002bd2   _unlock
00016bc6   abort
00016b5e   abs
00015a1e   atoi
ffffffff   binit
000113b8   bufferedRecv
00002bc4   buttonIrqHandler
00004ff8   cinit
00002be8   cli_have_cmd
00016bbc   disableButtonIrq
00002400   edata
00002bec   end
ffffffff   etext
00016650   exit
00014e42   free
00002afa   gFirstCmdMode
00002408   g_BytesReceived
00002404   g_DestinationIP
00004fa4   g_H2NCnysPattern
00004f9c   g_H2NSyncPattern
000029c2   g_SockID
000029c6   g_StatMem
00002400   g_Status
00002ba2   g__SlNonOsCB
0000240c   g_buff
00002af4   g_pCB
00002b52   g_ucDinDout
00002be6   g_ucUARTBuffer
000165f2   initClk
00016ad0   jsmn_init
000109ba   jsmn_parse
00014f40   ltoa
00013d42   main
0001433e   malloc
00016944   memccpy
00016a6c   memcpy
00016a34   memset
000163aa   minit
00002bc0   pIraEventHandler
00002af6   pPingCallBackFunc
ffffffff   pinit
00016b9e   registerInterruptHandler
00002bca   sec_tick
00016870   sl_Close
00013ee2   sl_Connect
00014a02   sl_DevGet
00016198   sl_Htonl
00016756   sl_Htons
00013e12   sl_NetAppDnsGetHostByName
00013faa   sl_NetAppMDNSRegisterUnregisterService
000167a4   sl_NetAppMDNSUnRegisterService
000155de   sl_NetCfgSet
00015c60   sl_Recv
000141da   sl_Send
00015bbe   sl_SetSockOpt
0001658c   sl_Socket
00014714   sl_Start
00014676   sl_Stop
00010dfa   sl_WlanConnect
00016b7c   sl_WlanDisconnect
00015d4c   sl_WlanPolicySet
00016890   sl_WlanProfileDel
00015f48   sl_WlanRxFilterSet
00015a72   sl_WlanSet
000168b0   sl_WlanSetMode
00016ba6   spi_Close
00014cba   spi_Open
00014fbc   spi_Read
00015f8c   spi_Write
000163e2   sprintf
00016bae   stopWDT
000169c4   strcmp
00016ac0   strcpy
00016ade   strlen
0001677e   strncmp
00011e04   strtoul
00016b20   toupper
00015ac6   vsnprintf


GLOBAL SYMBOLS: SORTED BY Symbol Address 

address    name
--------   ----
00000001   __TI_args_main
00000001   __TI_auto_init
00000001   __TI_exit
00000100   SFRIE1
00000100   SFRIE1_L
00000101   SFRIE1_H
00000102   SFRIFG1
00000102   SFRIFG1_L
00000103   SFRIFG1_H
00000104   SFRRPCR
00000104   SFRRPCR_L
00000105   SFRRPCR_H
00000120   PMMCTL0
00000120   PMMCTL0_L
00000121   PMMCTL0_H
00000122   PMMCTL1
00000122   PMMCTL1_L
00000123   PMMCTL1_H
00000124   SVSMHCTL
00000124   SVSMHCTL_L
00000125   SVSMHCTL_H
00000126   SVSMLCTL
00000126   SVSMLCTL_L
00000127   SVSMLCTL_H
00000128   SVSMIO
00000128   SVSMIO_L
00000129   SVSMIO_H
0000012c   PMMIFG
0000012c   PMMIFG_L
0000012d   PMMIFG_H
0000012e   PMMRIE
0000012e   PMMRIE_L
0000012f   PMMRIE_H
00000130   PM5CTL0
00000130   PM5CTL0_L
00000131   PM5CTL0_H
00000140   FCTL1
00000140   FCTL1_L
00000141   FCTL1_H
00000144   FCTL3
00000144   FCTL3_L
00000145   FCTL3_H
00000146   FCTL4
00000146   FCTL4_L
00000147   FCTL4_H
00000150   CRCDI
00000150   CRCDI_L
00000151   CRCDI_H
00000152   CRCDIRB
00000152   CRCDIRB_L
00000153   CRCDIRB_H
00000154   CRCINIRES
00000154   CRCINIRES_L
00000155   CRCINIRES_H
00000156   CRCRESR
00000156   CRCRESR_L
00000157   CRCRESR_H
00000158   RCCTL0
00000158   RCCTL0_L
00000159   RCCTL0_H
0000015c   WDTCTL
0000015c   WDTCTL_L
0000015d   WDTCTL_H
00000160   UCSCTL0
00000160   UCSCTL0_L
00000161   UCSCTL0_H
00000162   UCSCTL1
00000162   UCSCTL1_L
00000163   UCSCTL1_H
00000164   UCSCTL2
00000164   UCSCTL2_L
00000165   UCSCTL2_H
00000166   UCSCTL3
00000166   UCSCTL3_L
00000167   UCSCTL3_H
00000168   UCSCTL4
00000168   UCSCTL4_L
00000169   UCSCTL4_H
0000016a   UCSCTL5
0000016a   UCSCTL5_L
0000016b   UCSCTL5_H
0000016c   UCSCTL6
0000016c   UCSCTL6_L
0000016d   UCSCTL6_H
0000016e   UCSCTL7
0000016e   UCSCTL7_L
0000016f   UCSCTL7_H
00000170   UCSCTL8
00000170   UCSCTL8_L
00000171   UCSCTL8_H
00000180   SYSCTL
00000180   SYSCTL_L
00000181   SYSCTL_H
00000182   SYSBSLC
00000182   SYSBSLC_L
00000183   SYSBSLC_H
00000186   SYSJMBC
00000186   SYSJMBC_L
00000187   SYSJMBC_H
00000188   SYSJMBI0
00000188   SYSJMBI0_L
00000189   SYSJMBI0_H
0000018a   SYSJMBI1
0000018a   SYSJMBI1_L
0000018b   SYSJMBI1_H
0000018c   SYSJMBO0
0000018c   SYSJMBO0_L
0000018d   SYSJMBO0_H
0000018e   SYSJMBO1
0000018e   SYSJMBO1_L
0000018f   SYSJMBO1_H
00000198   SYSBERRIV
00000198   SYSBERRIV_L
00000199   SYSBERRIV_H
0000019a   SYSUNIV
0000019a   SYSUNIV_L
0000019b   SYSUNIV_H
0000019c   SYSSNIV
0000019c   SYSSNIV_L
0000019d   SYSSNIV_H
0000019e   SYSRSTIV
0000019e   SYSRSTIV_L
0000019f   SYSRSTIV_H
000001b0   REFCTL0
000001b0   REFCTL0_L
000001b1   REFCTL0_H
000001c0   PMAPKEYID
000001c0   PMAPKEYID_L
000001c1   PMAPKEYID_H
000001c2   PMAPCTL
000001c2   PMAPCTL_L
000001c3   PMAPCTL_H
000001e0   P4MAP01
000001e0   P4MAP01_L
000001e1   P4MAP01_H
000001e2   P4MAP23
000001e2   P4MAP23_L
000001e3   P4MAP23_H
000001e4   P4MAP45
000001e4   P4MAP45_L
000001e5   P4MAP45_H
000001e6   P4MAP67
000001e6   P4MAP67_L
000001e7   P4MAP67_H
000001f4   __STACK_SIZE
000001f4   __SYSMEM_SIZE
00000200   PAIN
00000200   PAIN_L
00000201   PAIN_H
00000202   PAOUT
00000202   PAOUT_L
00000203   PAOUT_H
00000204   PADIR
00000204   PADIR_L
00000205   PADIR_H
00000206   PAREN
00000206   PAREN_L
00000207   PAREN_H
00000208   PADS
00000208   PADS_L
00000209   PADS_H
0000020a   PASEL
0000020a   PASEL_L
0000020b   PASEL_H
0000020e   P1IV
00000218   PAIES
00000218   PAIES_L
00000219   PAIES_H
0000021a   PAIE
0000021a   PAIE_L
0000021b   PAIE_H
0000021c   PAIFG
0000021c   PAIFG_L
0000021d   PAIFG_H
0000021e   P2IV
00000220   PBIN
00000220   PBIN_L
00000221   PBIN_H
00000222   PBOUT
00000222   PBOUT_L
00000223   PBOUT_H
00000224   PBDIR
00000224   PBDIR_L
00000225   PBDIR_H
00000226   PBREN
00000226   PBREN_L
00000227   PBREN_H
00000228   PBDS
00000228   PBDS_L
00000229   PBDS_H
0000022a   PBSEL
0000022a   PBSEL_L
0000022b   PBSEL_H
00000240   PCIN
00000240   PCIN_L
00000241   PCIN_H
00000242   PCOUT
00000242   PCOUT_L
00000243   PCOUT_H
00000244   PCDIR
00000244   PCDIR_L
00000245   PCDIR_H
00000246   PCREN
00000246   PCREN_L
00000247   PCREN_H
00000248   PCDS
00000248   PCDS_L
00000249   PCDS_H
0000024a   PCSEL
0000024a   PCSEL_L
0000024b   PCSEL_H
00000260   PDIN
00000260   PDIN_L
00000261   PDIN_H
00000262   PDOUT
00000262   PDOUT_L
00000263   PDOUT_H
00000264   PDDIR
00000264   PDDIR_L
00000265   PDDIR_H
00000266   PDREN
00000266   PDREN_L
00000267   PDREN_H
00000268   PDDS
00000268   PDDS_L
00000269   PDDS_H
0000026a   PDSEL
0000026a   PDSEL_L
0000026b   PDSEL_H
00000320   PJIN
00000320   PJIN_L
00000321   PJIN_H
00000322   PJOUT
00000322   PJOUT_L
00000323   PJOUT_H
00000324   PJDIR
00000324   PJDIR_L
00000325   PJDIR_H
00000326   PJREN
00000326   PJREN_L
00000327   PJREN_H
00000328   PJDS
00000328   PJDS_L
00000329   PJDS_H
00000340   TA0CTL
00000342   TA0CCTL0
00000344   TA0CCTL1
00000346   TA0CCTL2
00000348   TA0CCTL3
0000034a   TA0CCTL4
00000350   TA0R
00000352   TA0CCR0
00000354   TA0CCR1
00000356   TA0CCR2
00000358   TA0CCR3
0000035a   TA0CCR4
00000360   TA0EX0
0000036e   TA0IV
00000380   TA1CTL
00000382   TA1CCTL0
00000384   TA1CCTL1
00000386   TA1CCTL2
00000390   TA1R
00000392   TA1CCR0
00000394   TA1CCR1
00000396   TA1CCR2
000003a0   TA1EX0
000003ae   TA1IV
000003c0   TB0CTL
000003c2   TB0CCTL0
000003c4   TB0CCTL1
000003c6   TB0CCTL2
000003c8   TB0CCTL3
000003ca   TB0CCTL4
000003cc   TB0CCTL5
000003ce   TB0CCTL6
000003d0   TB0R
000003d2   TB0CCR0
000003d4   TB0CCR1
000003d6   TB0CCR2
000003d8   TB0CCR3
000003da   TB0CCR4
000003dc   TB0CCR5
000003de   TB0CCR6
000003e0   TB0EX0
000003ee   TB0IV
00000400   TA2CTL
00000402   TA2CCTL0
00000404   TA2CCTL1
00000406   TA2CCTL2
00000410   TA2R
00000412   TA2CCR0
00000414   TA2CCR1
00000416   TA2CCR2
00000420   TA2EX0
0000042e   TA2IV
000004a0   RTCCTL01
000004a0   RTCCTL01_L
000004a1   RTCCTL01_H
000004a2   RTCCTL23
000004a2   RTCCTL23_L
000004a3   RTCCTL23_H
000004a8   RTCPS0CTL
000004a8   RTCPS0CTL_L
000004a9   RTCPS0CTL_H
000004aa   RTCPS1CTL
000004aa   RTCPS1CTL_L
000004ab   RTCPS1CTL_H
000004ac   RTCPS
000004ac   RTCPS_L
000004ad   RTCPS_H
000004ae   RTCIV
000004b0   RTCTIM0
000004b0   RTCTIM0_L
000004b1   RTCTIM0_H
000004b2   RTCTIM1
000004b2   RTCTIM1_L
000004b3   RTCTIM1_H
000004b4   RTCDATE
000004b4   RTCDATE_L
000004b5   RTCDATE_H
000004b6   RTCYEAR
000004b6   RTCYEAR_L
000004b7   RTCYEAR_H
000004b8   RTCAMINHR
000004b8   RTCAMINHR_L
000004b9   RTCAMINHR_H
000004ba   RTCADOWDAY
000004ba   RTCADOWDAY_L
000004bb   RTCADOWDAY_H
000004c0   MPY
000004c0   MPY_L
000004c1   MPY_H
000004c2   MPYS
000004c2   MPYS_L
000004c3   MPYS_H
000004c4   MAC
000004c4   MAC_L
000004c5   MAC_H
000004c6   MACS
000004c6   MACS_L
000004c7   MACS_H
000004c8   OP2
000004c8   OP2_L
000004c9   OP2_H
000004ca   RESLO
000004ca   RESLO_L
000004cb   RESLO_H
000004cc   RESHI
000004cc   RESHI_L
000004cd   RESHI_H
000004ce   SUMEXT
000004ce   SUMEXT_L
000004cf   SUMEXT_H
000004d0   MPY32L
000004d0   MPY32L_L
000004d1   MPY32L_H
000004d2   MPY32H
000004d2   MPY32H_L
000004d3   MPY32H_H
000004d4   MPYS32L
000004d4   MPYS32L_L
000004d5   MPYS32L_H
000004d6   MPYS32H
000004d6   MPYS32H_L
000004d7   MPYS32H_H
000004d8   MAC32L
000004d8   MAC32L_L
000004d9   MAC32L_H
000004da   MAC32H
000004da   MAC32H_L
000004db   MAC32H_H
000004dc   MACS32L
000004dc   MACS32L_L
000004dd   MACS32L_H
000004de   MACS32H
000004de   MACS32H_L
000004df   MACS32H_H
000004e0   OP2L
000004e0   OP2L_L
000004e1   OP2L_H
000004e2   OP2H
000004e2   OP2H_L
000004e3   OP2H_H
000004e4   RES0
000004e4   RES0_L
000004e5   RES0_H
000004e6   RES1
000004e6   RES1_L
000004e7   RES1_H
000004e8   RES2
000004e8   RES2_L
000004e9   RES2_H
000004ea   RES3
000004ea   RES3_L
000004eb   RES3_H
000004ec   MPY32CTL0
000004ec   MPY32CTL0_L
000004ed   MPY32CTL0_H
00000500   DMACTL0
00000500   DMACTL0_L
00000501   DMACTL0_H
00000502   DMACTL1
00000502   DMACTL1_L
00000503   DMACTL1_H
00000504   DMACTL2
00000504   DMACTL2_L
00000505   DMACTL2_H
00000506   DMACTL3
00000506   DMACTL3_L
00000507   DMACTL3_H
00000508   DMACTL4
00000508   DMACTL4_L
00000509   DMACTL4_H
0000050e   DMAIV
0000050e   DMAIV_L
0000050f   DMAIV_H
00000510   DMA0CTL
00000510   DMA0CTL_L
00000511   DMA0CTL_H
00000512   DMA0SA
00000512   DMA0SAL
00000514   DMA0SAH
00000516   DMA0DA
00000516   DMA0DAL
00000518   DMA0DAH
0000051a   DMA0SZ
00000520   DMA1CTL
00000520   DMA1CTL_L
00000521   DMA1CTL_H
00000522   DMA1SA
00000522   DMA1SAL
00000524   DMA1SAH
00000526   DMA1DA
00000526   DMA1DAL
00000528   DMA1DAH
0000052a   DMA1SZ
00000530   DMA2CTL
00000530   DMA2CTL_L
00000531   DMA2CTL_H
00000532   DMA2SA
00000532   DMA2SAL
00000534   DMA2SAH
00000536   DMA2DA
00000536   DMA2DAL
00000538   DMA2DAH
0000053a   DMA2SZ
000005c0   UCA0CTLW0
000005c0   UCA0CTLW0_L
000005c1   UCA0CTLW0_H
000005c6   UCA0BRW
000005c6   UCA0BRW_L
000005c7   UCA0BRW_H
000005c8   UCA0MCTL
000005ca   UCA0STAT
000005cc   UCA0RXBUF
000005ce   UCA0TXBUF
000005d0   UCA0ABCTL
000005d2   UCA0IRCTL
000005d2   UCA0IRCTL_L
000005d3   UCA0IRCTL_H
000005dc   UCA0ICTL
000005dc   UCA0ICTL_L
000005dd   UCA0ICTL_H
000005de   UCA0IV
000005e0   UCB0CTLW0
000005e0   UCB0CTLW0_L
000005e1   UCB0CTLW0_H
000005e6   UCB0BRW
000005e6   UCB0BRW_L
000005e7   UCB0BRW_H
000005ea   UCB0STAT
000005ec   UCB0RXBUF
000005ee   UCB0TXBUF
000005f0   UCB0I2COA
000005f0   UCB0I2COA_L
000005f1   UCB0I2COA_H
000005f2   UCB0I2CSA
000005f2   UCB0I2CSA_L
000005f3   UCB0I2CSA_H
000005fc   UCB0ICTL
000005fc   UCB0ICTL_L
000005fd   UCB0ICTL_H
000005fe   UCB0IV
00000600   UCA1CTLW0
00000600   UCA1CTLW0_L
00000601   UCA1CTLW0_H
00000606   UCA1BRW
00000606   UCA1BRW_L
00000607   UCA1BRW_H
00000608   UCA1MCTL
0000060a   UCA1STAT
0000060c   UCA1RXBUF
0000060e   UCA1TXBUF
00000610   UCA1ABCTL
00000612   UCA1IRCTL
00000612   UCA1IRCTL_L
00000613   UCA1IRCTL_H
0000061c   UCA1ICTL
0000061c   UCA1ICTL_L
0000061d   UCA1ICTL_H
0000061e   UCA1IV
00000620   UCB1CTLW0
00000620   UCB1CTLW0_L
00000621   UCB1CTLW0_H
00000626   UCB1BRW
00000626   UCB1BRW_L
00000627   UCB1BRW_H
0000062a   UCB1STAT
0000062c   UCB1RXBUF
0000062e   UCB1TXBUF
00000630   UCB1I2COA
00000630   UCB1I2COA_L
00000631   UCB1I2COA_H
00000632   UCB1I2CSA
00000632   UCB1I2CSA_L
00000633   UCB1I2CSA_H
0000063c   UCB1ICTL
0000063c   UCB1ICTL_L
0000063d   UCB1ICTL_H
0000063e   UCB1IV
00000700   ADC12CTL0
00000700   ADC12CTL0_L
00000701   ADC12CTL0_H
00000702   ADC12CTL1
00000702   ADC12CTL1_L
00000703   ADC12CTL1_H
00000704   ADC12CTL2
00000704   ADC12CTL2_L
00000705   ADC12CTL2_H
0000070a   ADC12IFG
0000070a   ADC12IFG_L
0000070b   ADC12IFG_H
0000070c   ADC12IE
0000070c   ADC12IE_L
0000070d   ADC12IE_H
0000070e   ADC12IV
0000070e   ADC12IV_L
0000070f   ADC12IV_H
00000710   ADC12MCTL0
00000711   ADC12MCTL1
00000712   ADC12MCTL2
00000713   ADC12MCTL3
00000714   ADC12MCTL4
00000715   ADC12MCTL5
00000716   ADC12MCTL6
00000717   ADC12MCTL7
00000718   ADC12MCTL8
00000719   ADC12MCTL9
0000071a   ADC12MCTL10
0000071b   ADC12MCTL11
0000071c   ADC12MCTL12
0000071d   ADC12MCTL13
0000071e   ADC12MCTL14
0000071f   ADC12MCTL15
00000720   ADC12MEM0
00000720   ADC12MEM0_L
00000721   ADC12MEM0_H
00000722   ADC12MEM1
00000722   ADC12MEM1_L
00000723   ADC12MEM1_H
00000724   ADC12MEM2
00000724   ADC12MEM2_L
00000725   ADC12MEM2_H
00000726   ADC12MEM3
00000726   ADC12MEM3_L
00000727   ADC12MEM3_H
00000728   ADC12MEM4
00000728   ADC12MEM4_L
00000729   ADC12MEM4_H
0000072a   ADC12MEM5
0000072a   ADC12MEM5_L
0000072b   ADC12MEM5_H
0000072c   ADC12MEM6
0000072c   ADC12MEM6_L
0000072d   ADC12MEM6_H
0000072e   ADC12MEM7
0000072e   ADC12MEM7_L
0000072f   ADC12MEM7_H
00000730   ADC12MEM8
00000730   ADC12MEM8_L
00000731   ADC12MEM8_H
00000732   ADC12MEM9
00000732   ADC12MEM9_L
00000733   ADC12MEM9_H
00000734   ADC12MEM10
00000734   ADC12MEM10_L
00000735   ADC12MEM10_H
00000736   ADC12MEM11
00000736   ADC12MEM11_L
00000737   ADC12MEM11_H
00000738   ADC12MEM12
00000738   ADC12MEM12_L
00000739   ADC12MEM12_H
0000073a   ADC12MEM13
0000073a   ADC12MEM13_L
0000073b   ADC12MEM13_H
0000073c   ADC12MEM14
0000073c   ADC12MEM14_L
0000073d   ADC12MEM14_H
0000073e   ADC12MEM15
0000073e   ADC12MEM15_L
0000073f   ADC12MEM15_H
000008c0   CBCTL0
000008c0   CBCTL0_L
000008c1   CBCTL0_H
000008c2   CBCTL1
000008c2   CBCTL1_L
000008c3   CBCTL1_H
000008c4   CBCTL2
000008c4   CBCTL2_L
000008c5   CBCTL2_H
000008c6   CBCTL3
000008c6   CBCTL3_L
000008c7   CBCTL3_H
000008cc   CBINT
000008cc   CBINT_L
000008cd   CBINT_H
000008ce   CBIV
00000900   USBKEYID
00000900   USBKEYID_L
00000901   USBKEYID_H
00000902   USBCNF
00000902   USBCNF_L
00000903   USBCNF_H
00000904   USBPHYCTL
00000904   USBPHYCTL_L
00000905   USBPHYCTL_H
00000908   USBPWRCTL
00000908   USBPWRCTL_L
00000909   USBPWRCTL_H
00000910   USBPLLCTL
00000910   USBPLLCTL_L
00000911   USBPLLCTL_H
00000912   USBPLLDIVB
00000912   USBPLLDIVB_L
00000913   USBPLLDIVB_H
00000914   USBPLLIR
00000914   USBPLLIR_L
00000915   USBPLLIR_H
00000920   USBIEPCNF_0
00000921   USBIEPCNT_0
00000922   USBOEPCNF_0
00000923   USBOEPCNT_0
0000092e   USBIEPIE
0000092f   USBOEPIE
00000930   USBIEPIFG
00000931   USBOEPIFG
00000932   USBVECINT
00000932   USBVECINT_L
00000933   USBVECINT_H
00000936   USBMAINT
00000936   USBMAINT_L
00000937   USBMAINT_H
00000938   USBTSREG
00000938   USBTSREG_L
00000939   USBTSREG_H
0000093a   USBFN
0000093a   USBFN_L
0000093b   USBFN_H
0000093c   USBCTL
0000093d   USBIE
0000093e   USBIFG
0000093f   USBFUNADR
00001c00   USBSTABUFF
0000236f   USBTOPBUFF
00002370   USBOEP0BUF
00002378   USBIEP0BUF
00002380   USBSUBLK
00002388   USBOEPCNF_1
00002389   USBOEPBBAX_1
0000238a   USBOEPBCTX_1
0000238d   USBOEPBBAY_1
0000238e   USBOEPBCTY_1
0000238f   USBOEPSIZXY_1
00002390   USBOEPCNF_2
00002391   USBOEPBBAX_2
00002392   USBOEPBCTX_2
00002395   USBOEPBBAY_2
00002396   USBOEPBCTY_2
00002397   USBOEPSIZXY_2
00002398   USBOEPCNF_3
00002399   USBOEPBBAX_3
0000239a   USBOEPBCTX_3
0000239d   USBOEPBBAY_3
0000239e   USBOEPBCTY_3
0000239f   USBOEPSIZXY_3
000023a0   USBOEPCNF_4
000023a1   USBOEPBBAX_4
000023a2   USBOEPBCTX_4
000023a5   USBOEPBBAY_4
000023a6   USBOEPBCTY_4
000023a7   USBOEPSIZXY_4
000023a8   USBOEPCNF_5
000023a9   USBOEPBBAX_5
000023aa   USBOEPBCTX_5
000023ad   USBOEPBBAY_5
000023ae   USBOEPBCTY_5
000023af   USBOEPSIZXY_5
000023b0   USBOEPCNF_6
000023b1   USBOEPBBAX_6
000023b2   USBOEPBCTX_6
000023b5   USBOEPBBAY_6
000023b6   USBOEPBCTY_6
000023b7   USBOEPSIZXY_6
000023b8   USBOEPCNF_7
000023b9   USBOEPBBAX_7
000023ba   USBOEPBCTX_7
000023bd   USBOEPBBAY_7
000023be   USBOEPBCTY_7
000023bf   USBOEPSIZXY_7
000023c8   USBIEPCNF_1
000023c9   USBIEPBBAX_1
000023ca   USBIEPBCTX_1
000023cd   USBIEPBBAY_1
000023ce   USBIEPBCTY_1
000023cf   USBIEPSIZXY_1
000023d0   USBIEPCNF_2
000023d1   USBIEPBBAX_2
000023d2   USBIEPBCTX_2
000023d5   USBIEPBBAY_2
000023d6   USBIEPBCTY_2
000023d7   USBIEPSIZXY_2
000023d8   USBIEPCNF_3
000023d9   USBIEPBBAX_3
000023da   USBIEPBCTX_3
000023dd   USBIEPBBAY_3
000023de   USBIEPBCTY_3
000023df   USBIEPSIZXY_3
000023e0   USBIEPCNF_4
000023e1   USBIEPBBAX_4
000023e2   USBIEPBCTX_4
000023e5   USBIEPBBAY_4
000023e6   USBIEPBCTY_4
000023e7   USBIEPSIZXY_4
000023e8   USBIEPCNF_5
000023e9   USBIEPBBAX_5
000023ea   USBIEPBCTX_5
000023ed   USBIEPBBAY_5
000023ee   USBIEPBCTY_5
000023ef   USBIEPSIZXY_5
000023f0   USBIEPCNF_6
000023f1   USBIEPBBAX_6
000023f2   USBIEPBCTX_6
000023f5   USBIEPBBAY_6
000023f6   USBIEPBCTY_6
000023f7   USBIEPSIZXY_6
000023f8   USBIEPCNF_7
000023f9   USBIEPBBAX_7
000023fa   USBIEPBCTX_7
000023fd   USBIEPBBAY_7
000023fe   USBIEPBCTY_7
000023ff   USBIEPSIZXY_7
00002400   .bss
00002400   .data
00002400   __bss__
00002400   __data__
00002400   __edata__
00002400   edata
00002400   g_Status
00002404   g_DestinationIP
00002408   g_BytesReceived
0000240c   g_buff
000029c2   g_SockID
000029c6   g_StatMem
00002af2   RxIrqCnt
00002af4   g_pCB
00002af6   pPingCallBackFunc
00002afa   gFirstCmdMode
00002b52   g_ucDinDout
00002ba2   g__SlNonOsCB
00002bc0   pIraEventHandler
00002bc4   buttonIrqHandler
00002bc8   IntIsMasked
00002bca   sec_tick
00002bce   _lock
00002bd2   _unlock
00002bd6   __TI_cleanup_ptr
00002bda   __TI_dtors_ptr
00002be6   g_ucUARTBuffer
00002be8   cli_have_cmd
00002bea   _Errno
00002bec   __end__
00002bec   _sys_memory
00002bec   end
0000420c   _stack
00004400   __STACK_END
00004400   _c_int00
00004400   _c_int00_noargs
00004438   UART_ISR
0000446e   IntSpiGPIOHandler
000044a0   CC3100_UART_ISR
000044aa   Port1_ISR
000044b4   TIMER_A2_ISR
000044be   __TI_ISR_TRAP
000044c4   Trap_ISR
00004bc2   _ctypes_
00004cc4   _SlPolicySetCmdCtrl
00004cc8   _SlPolicyGetCmdCtrl
00004ccc   _SlProfileGetCmdCtrl
00004cd0   _SlProfileDelCmdCtrl
00004cd4   _SlWlanGetNetworkListCtrl
00004cd8   _SlRxFilterAddtCmdCtrl
00004cdc   _SlRxFilterSetCmdCtrl
00004ce0   _SlRxFilterGetCmdCtrl
00004ce4   _SlSmartConfigStartCmdCtrl
00004ce8   _SlWlanSetModeCmdCtrl
00004cec   _SlWlanCfgSetCmdCtrl
00004cf0   _SlWlanCfgGetCmdCtrl
00004e50   OpcodeTranslateTable
00004e8c   _SlActionLookupTable
00004ec4   _SlSockSocketCmdCtrl
00004ec8   _SlSockCloseCmdCtrl
00004ecc   _SlRecvfomCmdCtrl
00004ed0   _SlSendCmdCtrl
00004ed4   _SlListenCmdCtrl
00004ed8   _SlAcceptCmdCtrl
00004edc   _SlRecvCmdCtrl
00004ee0   _SlSetSockOptCmdCtrl
00004ee4   _SlGetSockOptCmdCtrl
00004ee8   _SlSelectCmdCtrl
00004ef8   _SlNetAppStartCtrl
00004efc   _SlNetAppStopCtrl
00004f00   _SlGetServiceListeCtrl
00004f04   _SlRegisterServiceCtrl
00004f08   _SlGetHostByServiceCtrl
00004f0c   _SlGetHostByNameCtrl
00004f10   _SlNetAppSetCmdCtrl
00004f14   _SlNetAppSendTokenValueCmdCtrl
00004f18   _SlNetAppGetCmdCtrl
00004f44   _SlFsOpenCmdCtrl
00004f48   _SlFsCloseCmdCtrl
00004f4c   _SlFsReadCmdCtrl
00004f50   _SlFsWriteCmdCtrl
00004f54   _SlFsGetInfoCmdCtrl
00004f58   _SlFsDeleteCmdCtrl
00004f68   RxMsgClassLUT
00004f88   _SlStopCmdCtrl
00004f8c   _SlEventMaskSetCmdCtrl
00004f90   _SlEventMaskGetCmdCtrl
00004f94   _SlDeviceGetCmdCtrl
00004f98   _SlDeviceSetCmdCtrl
00004f9c   g_H2NSyncPattern
00004fa4   g_H2NCnysPattern
00004fc0   _SlPayloadByProtocolLUT
00004fe8   StartResponseLUT
00004ff0   _SlNetCfgSetCmdCtrl
00004ff4   _SlNetCfgGetCmdCtrl
00004ff8   __cinit__
00004ff8   cinit
0000ffd2   __TI_int41
0000ffd4   __TI_int42
0000ffd6   __TI_int43
0000ffd8   __TI_int44
0000ffda   __TI_int45
0000ffdc   __TI_int46
0000ffde   __TI_int47
0000ffe0   __TI_int48
0000ffe2   __TI_int49
0000ffe4   __TI_int50
0000ffe6   __TI_int51
0000ffe8   __TI_int52
0000ffea   __TI_int53
0000ffec   __TI_int54
0000ffee   __TI_int55
0000fff0   __TI_int56
0000fff2   __TI_int57
0000fff4   __TI_int58
0000fff6   __TI_int59
0000fff8   __TI_int60
0000fffa   __TI_int61
0000fffc   __TI_int62
0000fffe   _reset_vector
00010000   _SlDrvMsgRead
000103f4   __divull
000109ba   jsmn_parse
00010dfa   sl_WlanConnect
000111e6   __TI_printfi
000113b8   bufferedRecv
0001158a   HTTPCli_getResponseField
00011750   _SlDrvRxHdrRead
00011ac4   Ssock_send
00011e04   strtoul
00011f98   HTTPCli_connect
00012534   _SlDrvReleasePoolObj
00012914   _SlDrvMsgWrite
00012a56   _SlDrvDriverCBInit
00012cd4   _SlDrvWaitForPoolObj
00012e0a   __fs_sub
00012e10   __fs_add
00013164   HTTPCli_sendRequest
00013260   _SlDrvDataReadOp
00013642   _SlDrvDataWriteOp
0001381a   Init_FLL
00013902   _SlDrvNetAppEventHandler
000139e4   _SlFindAndSetActiveObj
00013b98   HTTPCli_readResponseBody
00013d42   main
00013e12   sl_NetAppDnsGetHostByName
00013ee2   sl_Connect
00013faa   sl_NetAppMDNSRegisterUnregisterService
0001406a   _SlDrvDriverCBDeinit
00014124   __fs_mpy
000141da   sl_Send
0001433e   malloc
00014676   sl_Stop
00014714   sl_Start
0001484a   _SlDrvMsgReadCmdCtx
000148de   _SlDrvCmdOp
00014a02   sl_DevGet
00014a94   __fs_div
00014c32   _sl_HandleAsync_DnsGetHostByService
00014cba   spi_Open
00014d3e   Ssock_recv
00014e42   free
00014ec2   __fs_tol
00014f40   ltoa
00014fbc   spi_Read
00015038   _sl_HandleAsync_InitComplete
000150b0   _SlDrvClassifyRxMsg
00015126   _sl_HandleAsync_PingResponse
0001519a   HTTPCli_sendField
0001520c   _SlDrvMsgReadSpawnCtx
0001527e   _SlDrvDeviceEventHandler
0001535e   _SlRemoveFromList
0001543a   _sl_HandleAsync_DnsGetHostByName
000154a8   _SlAsyncEventGenericHandler
00015512   _sl_HandleAsync_Connect
0001557a   Ssock_destruct
000155de   sl_NetCfgSet
00015640   _SlDrvCmdSend
000156fc   SimpleLinkWlanEventHandler
00015758   _auto_init_hold_wdt
000157b4   __mpyll_f5hw
0001580e   _sl_NetAppSendTokenValue
00015868   SetupDMAReceive
000158c0   SetupDMASend
00015970   __divul
00015970   __remul
000159c8   _sl_HandleAsync_Accept
00015a1e   atoi
00015a72   sl_WlanSet
00015ac6   vsnprintf
00015b1a   HTTPCli_construct
00015b6c   HTTPCli_destruct
00015bbe   sl_SetSockOpt
00015c10   Ssock_construct
00015c60   sl_Recv
00015d00   HTTPCli_readRawResponseBody
00015d4c   sl_WlanPolicySet
00015d98   _SlNonOsMainLoopTask
00015de2   __fs_cmp
00015e2c   __fs_ltof
00015ebe   __fs_tou
00015f48   sl_WlanRxFilterSet
00015f8c   spi_Write
00015fd0   _sl_BuildAddress
00016012   _sl_HandleAsync_Select
00016054   _sl_HandleAsync_Stop
000160d8   SetVCore
00016118   SimpleLinkSockEventHandler
00016158   __divli
00016158   __remli
00016198   sl_Htonl
000161d8   HTTPCli_sendRequestBody
00016216   _SlNonOsSpawn
00016254   HTTPCli_disconnect
0001628e   __lslll
000162c8   __lsrll
00016302   CopyPingResultsToReport
0001633a   HTTPCli_setRequestFields
00016372   _FDclass
000163aa   minit
000163e2   sprintf
0001641a   HTTPCli_setResponseFields
00016450   Init_FLL_Settle
00016486   LFXT_Start
000164bc   CLI_Configure
000164f0   _SlDrvBasicCmd
00016524   _SlDrvRxIrqHandler
00016558   _SlNonOsSemGet
0001658c   sl_Socket
000165f2   initClk
00016622   _SlDrvProtectAsyncRespSetting
00016650   exit
0001667e   CLI_Write
00016702   SimpleLinkNetAppEventHandler
00016756   sl_Htons
0001677e   strncmp
000167a4   sl_NetAppMDNSUnRegisterService
000167c8   HTTPCli_getResponseStatus
0001680c   __mpyl_f5hw
00016850   Delay
00016870   sl_Close
00016890   sl_WlanProfileDel
000168b0   sl_WlanSetMode
000168d0   _SlDrvProtectionObjLockWaitForever
00016944   memccpy
00016960   _sl_TruncatePayloadByProtocol
00016994   _SlDrvProtectionObjUnLock
000169c4   strcmp
000169dc   _SlDrvObjLockWaitForever
000169f2   _SlDrvSyncObjWaitForever
00016a08   __divu
00016a08   __remu
00016a1e   __mpyi_f5hw
00016a34   memset
00016a6c   memcpy
00016a90   _SlDrvObjUnLock
00016aa0   _SlDrvSyncObjSignal
00016ab0   L_LSR
00016ac0   strcpy
00016ad0   jsmn_init
00016ade   strlen
00016b08   Ssock_getSocket
00016b14   _sl_GetStartResponseConvert
00016b20   toupper
00016b2c   CC3100_InterruptEnable
00016b36   SimpleLinkGeneralEventHandler
00016b40   SimpleLinkHttpServerCallback
00016b4a   _SlDrvMemZero
00016b54   _SlDrvResetCmdExt
00016b5e   abs
00016b68   __fs_neg
00016b72   I_LSL
00016b7c   sl_WlanDisconnect
00016b86   CC3100_disable
00016b8e   CC3100_enable
00016b96   _SlNonOsSemSet
00016b9e   registerInterruptHandler
00016ba6   spi_Close
00016bae   stopWDT
00016bb6   CC3100_InterruptDisable
00016bbc   disableButtonIrq
00016bc2   _system_pre_init
00016bc6   C$$EXIT
00016bc6   abort
00016bca   _nop
ffffffff   .text
ffffffff   __binit__
ffffffff   __c_args__
ffffffff   __etext__
ffffffff   __pinit__
ffffffff   __text__
ffffffff   binit
ffffffff   etext
ffffffff   pinit

[1047 symbols]
